0
0
1
2
2
3
3
4
4
5
6
7
7
9
9
10
10
11
11
12
13
13
15
18
18
18
20
20
21
27
29
30
31
31
32
32
32
33
34
35
36
37
37
38
39
40
40
41
41
42
43
43
44
45
46
47
47
48
49
49
51
52
52
53
54
55
55
56
59
60
61
61
62
63
63
64
67
67
68
72
76
77
79
79
81
83
83
84
84
85
85
86
87
89
91
91
91
96
96
97
98
99
99
101
102
103
104
104
105
106
108
109
111
111
113
113
113
114
114
115
115
116
117
117
117
118
120
121
126
127
127
128
130
131
132
132
132
134
134
134
136
139
139
140
144
144
144
145
145
145
146
147
147
148
149
151
151
152
154
154
154
155
156
158
158
159
160
162
163
164
164
166
167
168
169
169
170
170
171
171
172
172
173
173
174
174
175
175
177
177
178
184
184
184
184
185
185
185
186
187
188
191
191
192
197
197
199
200
201
202
203
203
204
206
207
208
210
210
210
210
211
212
212
212
213
216
219
219
221
222
222
223
224
225
226
226
227
227
229
230
230
233
233
235
238
238
238
239
239
241
242
242
243
243
243
244
244
245
246
248
249
251
251
252
255
256
256
256
257
257
258
258
259
260
262
264
264
264
265
265
266
267
267
270
273
273
274
274
275
276
276
276
276
277
279
281
284
285
286
286
287
287
288
288
288
289
293
293
295
296
297
298
298
299
299
300
301
301
302
306
307
310
310
311
311
312
314
314
315
317
317
317
318
319
319
320
322
322
325
327
328
329
329
329
329
330
332
335
335
335
335
337
338
341
341
341
342
342
342
343
345
346
348
348
349
349
350
351
353
354
356
356
358
359
359
361
363
363
364
364
365
366
367
367
370
370
370
371
371
373
373
375
377
377
378
378
379
381
384
385
386
387
387
390
390
390
394
395
395
395
397
397
400
401
404
405
410
411
411
412
413
414
416
416
417
418
419
419
419
420
420
421
423
426
426
426
427
428
430
431
433
434
434
435
436
437
437
438
439
446
446
448
449
450
452
453
454
454
455
456
456
457
457
460
462
463
464
466
466
468
468
469
472
475
475
475
478
479
482
482
483
483
484
484
484
485
485
486
487
487
487
488
490
490
493
493
494
495
495
496
496
497
498
499
501
502
502
503
503
510
510
510
512
513
514
515
517
517
517
519
520
521
521
522
524
526
529
529
530
531
532
533
533
534
534
535
536
536
539
540
540
540
541
541
542
542
543
544
544
545
546
547
548
549
550
551
552
555
558
558
558
560
560
560
561
561
561
563
564
565
571
572
572
573
575
578
579
580
581
581
585
585
586
587
587
588
588
588
590
590
595
596
600
600
601
601
601
602
607
607
608
608
609
610
611
612
613
615
616
616
616
617
621
622
622
623
623
625
626
628
628
628
629
629
634
635
635
635
636
637
637
638
640
642
642
642
644
644
645
646
647
647
648
651
652
653
654
654
654
656
658
658
658
659
660
661
663
663
663
664
664
665
667
668
669
670
675
676
677
677
678
678
679
679
680
680
682
684
684
684
686
687
688
689
690
691
692
693
693
693
696
696
696
698
704
706
706
707
708
709
709
710
710
711
712
715
717
718
720
721
722
723
723
725
725
725
726
726
726
727
728
730
730
731
731
731
733
733
735
735
736
739
739
740
740
740
740
742
743
744
744
749
751
751
752
754
754
755
756
756
757
757
758
758
759
759
759
760
761
761
763
763
763
765
766
767
767
768
768
768
768
769
771
771
777
777
777
778
780
783
786
789
790
793
794
795
795
797
798
799
802
802
802
803
803
804
805
806
807
807
810
810
812
812
813
813
815
816
817
818
819
821
821
821
821
822
823
825
825
827
828
828
828
828
828
831
834
834
838
839
839
839
839
840
841
841
843
844
845
845
846
846
847
847
848
848
849
851
852
854
854
855
856
856
857
858
858
858
859
861
862
863
864
865
867
868
868
869
870
872
872
872
873
875
875
877
877
878
878
879
880
881
882
882
882
883
883
884
884
886
886
886
886
887
889
890
890
891
891
892
893
894
895
896
897
899
904
907
909
910
911
911
913
914
917
918
921
925
925
926
926
926
927
927
929
930
930
933
935
936
936
937
938
938
939
939
940
941
941
941
946
948
949
950
950
951
952
954
954
957
958
958
960
960
961
962
963
964
964
965
965
969
969
970
970
970
971
971
973
973
974
975
979
979
979
980
981
982
982
984
985
985
986
988
989
989
989
989
991
993
994
994
995
995
996
997
997
999
1001
1001
1002
1003
1003
1004
1005
1006
1010
1013
1015
1017
1020
1020
1021
1023
1025
1026
1028
1029
1030
1030
1031
1031
1032
1034
1034
1035
1036
1037
1038
1040
1040
1043
1043
1044
1048
1049
1050
1050
1051
1051
1052
1052
1054
1054
1055
1056
1056
1057
1058
1058
1058
1060
1060
1060
1063
1064
1064
1065
1065
1066
1066
1067
1068
1070
1072
1074
1074
1075
1075
1077
1077
1078
1078
1079
1081
1081
1081
1082
1085
1087
1087
1088
1092
1100
1101
1102
1102
1103
1104
1104
1105
1105
1105
1107
1108
1109
1110
1110
1111
1111
1112
1113
1114
1115
1116
1116
1117
1118
1119
1120
1120
1121
1122
1122
1122
1123
1123
1124
1125
1125
1127
1129
1130
1130
1131
1132
1132
1133
1134
1134
1135
1135
1136
1136
1138
1138
1139
1140
1142
1143
1143
1143
1146
1147
1147
1147
1151
1153
1155
1155
1157
1159
1164
1165
1167
1167
1168
1169
1169
1170
1171
1171
1172
1172
1173
1174
1175
1175
1176
1176
1177
1178
1180
1181
1182
1187
1187
1188
1189
1191
1192
1193
1194
1195
1196
1200
1201
1201
1201
1203
1205
1205
1208
1209
1210
1210
1211
1213
1213
1214
1214
1215
1217
1217
1218
1218
1221
1223
1225
1225
1225
1226
1228
1229
1230
1232
1232
1233
1234
1235
1236
1237
1238
1238
1239
1240
1240
1246
1248
1248
1250
1250
1250
1251
1253
1257
1257
1257
1258
1259
1260
1261
1269
1270
1271
1271
1272
1274
1274
1276
1276
1276
1277
1278
1281
1281
1282
1282
1283
1284
1285
1286
1286
1287
1287
1287
1288
1288
1290
1290
1291
1292
1293
1295
1298
1300
1300
1305
1307
1308
1309
1309
1309
1310
1311
1312
1313
1316
1317
1317
1319
1321
1323
1324
1324
1324
1325
1325
1325
1330
1330
1333
1333
1333
1334
1335
1336
1340
1340
1341
1342
1342
1343
1344
1345
1345
1346
1346
1347
1348
1352
1353
1353
1353
1354
1356
1357
1359
1360
1360
1361
1361
1363
1365
1365
1367
1371
1371
1371
1373
1374
1375
1376
1376
1377
1377
1378
1378
1379
1380
1380
1381
1384
1387
1387
1387
1387
1388
1391
1391
1392
1392
1394
1394
1395
1395
1396
1396
1396
1397
1399
1401
1401
1403
1405
1405
1406
1407
1409
1409
1410
1410
1410
1410
1411
1412
1417
1420
1421
1421
1421
1421
1422
1424
1432
1433
1436
1437
1437
1438
1438
1438
1439
1439
1439
1439
1440
1440
1441
1442
1443
1443
1444
1444
1445
1446
1446
1448
1448
1449
1449
1450
1451
1451
1451
1451
1451
1452
1453
1453
1453
1454
1455
1457
1457
1460
1461
1461
1462
1463
1465
1465
1465
1465
1466
1467
1468
1468
1468
1469
1469
1470
1471
1472
1473
1473
1474
1474
1476
1476
1476
1478
1479
1480
1481
1481
1482
1482
1483
1483
1485
1487
1488
1488
1489
1489
1491
1491
1492
1492
1494
1495
1496
1497
1498
1500
1500
1504
1505
1508
1511
1516
1517
1518
1519
1519
1520
1521
1523
1523
1525
1525
1527
1530
1530
1534
1535
1535
1538
1540
1541
1541
1543
1550
1551
1552
1553
1554
1555
1555
1556
1557
1561
1564
1564
1564
1564
1565
1565
1566
1567
1568
1572
1572
1573
1577
1577
1578
1579
1580
1581
1581
1583
1583
1583
1583
1583
1585
1589
1591
1592
1593
1593
1594
1595
1597
1597
1597
1598
1599
1600
1600
1602
1602
1603
1605
1607
1607
1608
1609
1609
1611
1612
1613
1613
1615
1616
1619
1620
1622
1623
1623
1629
1631
1632
1634
1635
1635
1637
1637
1638
1640
1640
1641
1642
1643
1643
1643
1646
1648
1648
1648
1649
1649
1650
1650
1651
1651
1654
1655
1655
1657
1657
1658
1658
1660
1661
1662
1663
1666
1667
1669
1669
1670
1670
1675
1676
1677
1677
1679
1680
1681
1683
1683
1684
1685
1686
1687
1688
1689
1689
1689
1689
1693
1695
1700
1700
1701
1702
1702
1702
1703
1704
1704
1704
1707
1707
1709
1709
1709
1710
1716
1716
1718
1719
1719
1721
1721
1723
1723
1727
1727
1728
1728
1729
1729
1730
1731
1732
1735
1736
1736
1736
1737
1737
1738
1739
1739
1739
1740
1740
1742
1745
1746
1747
1747
1748
1750
1750
1751
1751
1751
1752
1753
1755
1756
1756
1756
1756
1757
1758
1759
1759
1759
1759
1759
1760
1761
1762
1762
1764
1766
1768
1768
1769
1770
1771
1772
1773
1773
1773
1775
1777
1778
1778
1779
1780
1781
1782
1782
1783
1783
1784
1785
1786
1786
1787
1789
1792
1792
1793
1794
1795
1796
1797
1798
1799
1799
1799
1799
1799
1801
1803
1804
1805
1808
1810
1811
1812
1814
1815
1816
1818
1819
1820
1820
1821
1821
1821
1821
1821
1821
1822
1823
1824
1825
1825
1826
1827
1827
1827
1828
1834
1834
1835
1836
1836
1837
1837
1838
1839
1839
1840
1843
1843
1843
1843
1843
1844
1845
1847
1847
1847
1847
1848
1849
1849
1850
1850
1850
1852
1852
1852
1852
1853
1854
1855
1857
1857
1859
1859
1859
1863
1864
1864
1866
1867
1872
1872
1874
1875
1877
1878
1878
1879
1880
1881
1881
1883
1884
1885
1885
1886
1888
1888
1890
1893
1894
1894
1894
1895
1896
1898
1899
1899
1899
1900
1904
1907
1907
1907
1907
1908
1908
1908
1909
1910
1911
1911
1912
1913
1913
1913
1914
1915
1916
1916
1917
1918
1919
1925
1926
1927
1928
1928
1929
1930
1931
1932
1933
1935
1935
1939
1940
1942
1943
1944
1944
1945
1946
1946
1946
1949
1949
1949
1950
1950
1950
1951
1951
1953
1953
1955
1957
1958
1959
1959
1960
1960
1960
1963
1964
1966
1969
1971
1972
1973
1974
1974
1974
1974
1974
1975
1979
1981
1984
1985
1985
1985
1986
1987
1990
1990
1991
1991
1992
1993
1993
1993
1997
1998
1998
1998
2000
2001
2002
2003
2004
2004
2005
2005
2005
2007
2008
2010
2011
2012
2015
2015
2017
2022
2022
2025
2025
2026
2027
2027
2028
2030
2031
2032
2032
2033
2034
2035
2035
2036
2037
2037
2038
2038
2040
2040
2041
2042
2043
2044
2044
2046
2047
2047
2049
2050
2050
2051
2051
2052
2055
2056
2058
2058
2059
2060
2061
2062
2064
2064
2065
2069
2070
2070
2072
2072
2072
2074
2076
2078
2080
2081
2082
2083
2083
2083
2085
2087
2087
2087
2088
2089
2090
2091
2092
2093
2093
2094
2094
2095
2097
2097
2098
2102
2103
2104
2104
2104
2106
2107
2107
2108
2112
2112
2112
2113
2114
2117
2118
2119
2120
2120
2121
2121
2121
2122
2122
2124
2125
2125
2125
2126
2127
2127
2128
2129
2129
2130
2130
2131
2131
2131
2132
2134
2136
2138
2138
2139
2140
2140
2141
2144
2144
2145
2146
2147
2147
2147
2147
2149
2150
2150
2151
2153
2153
2153
2154
2157
2157
2157
2160
2161
2161
2161
2163
2164
2166
2166
2167
2167
2167
2168
2170
2170
2172
2173
2173
2173
2177
2178
2179
2180
2181
2181
2181
2182
2185
2187
2187
2188
2188
2190
2191
2191
2192
2192
2192
2194
2195
2195
2196
2196
2196
2198
2200
2200
2202
2204
2205
2209
2210
2210
2211
2211
2212
2212
2213
2213
2213
2213
2214
2217
2218
2219
2222
2224
2224
2226
2226
2228
2228
2232
2233
2233
2234
2236
2237
2238
2238
2239
2239
2239
2239
2240
2241
2241
2243
2244
2244
2247
2249
2251
2252
2252
2255
2256
2256
2257
2258
2258
2261
2264
2265
2265
2265
2266
2266
2266
2268
2269
2272
2272
2273
2273
2276
2277
2278
2279
2281
2281
2281
2282
2282
2283
2284
2286
2287
2288
2289
2290
2292
2292
2293
2295
2296
2297
2298
2298
2301
2302
2303
2304
2304
2305
2305
2305
2308
2309
2309
2310
2311
2312
2313
2313
2315
2315
2316
2317
2318
2318
2318
2319
2319
2320
2321
2322
2322
2325
2325
2325
2325
2326
2326
2327
2330
2330
2331
2332
2334
2335
2336
2336
2339
2340
2340
2341
2343
2343
2344
2344
2346
2347
2348
2349
2350
2350
2352
2353
2353
2353
2354
2354
2355
2355
2356
2357
2359
2361
2362
2363
2363
2364
2364
2364
2365
2366
2366
2366
2367
2368
2368
2368
2369
2369
2370
2370
2371
2372
2373
2373
2374
2374
2375
2375
2376
2376
2377
2377
2378
2380
2381
2382
2385
2387
2388
2389
2394
2394
2396
2397
2398
2399
2401
2403
2404
2404
2412
2412
2416
2416
2418
2420
2420
2425
2426
2428
2428
2429
2429
2432
2432
2433
2434
2434
2435
2436
2438
2438
2439
2441
2442
2445
2448
2451
2451
2453
2453
2454
2454
2454
2457
2457
2458
2458
2461
2463
2463
2465
2465
2465
2466
2467
2467
2468
2470
2470
2470
2471
2472
2472
2472
2473
2473
2474
2474
2475
2475
2476
2478
2480
2480
2484
2484
2489
2490
2491
2491
2493
2495
2495
2495
2495
2496
2497
2498
2499
2499
2501
2503
2503
2505
2505
2506
2507
2509
2510
2510
2511
2511
2511
2512
2513
2514
2515
2516
2517
2517
2518
2519
2519
2520
2520
2523
2524
2525
2527
2527
2528
2528
2529
2529
2532
2532
2533
2533
2533
2535
2538
2539
2539
2539
2540
2543
2543
2543
2546
2547
2548
2548
2549
2550
2552
2552
2553
2553
2553
2554
2554
2554
2559
2560
2561
2562
2562
2563
2563
2565
2565
2570
2572
2572
2573
2574
2575
2577
2579
2583
2586
2587
2587
2589
2590
2591
2593
2593
2593
2594
2597
2598
2598
2602
2602
2603
2606
2607
2607
2607
2607
2612
2613
2615
2616
2616
2617
2617
2617
2618
2619
2620
2620
2621
2623
2624
2624
2624
2627
2628
2631
2633
2636
2636
2637
2638
2640
2644
2644
2645
2646
2649
2650
2650
2651
2651
2652
2656
2656
2656
2657
2657
2658
2658
2659
2659
2661
2661
2661
2663
2663
2663
2664
2667
2668
2668
2668
2669
2669
2669
2670
2672
2672
2673
2673
2673
2674
2674
2675
2676
2678
2678
2679
2681
2682
2682
2683
2685
2688
2689
2691
2693
2696
2696
2696
2697
2697
2699
2699
2699
2699
2699
2700
2701
2702
2705
2705
2705
2705
2707
2708
2708
2708
2709
2709
2710
2712
2712
2713
2714
2714
2714
2715
2716
2716
2717
2718
2720
2720
2722
2723
2724
2725
2727
2728
2728
2729
2730
2731
2733
2734
2735
2736
2736
2742
2743
2744
2744
2744
2747
2748
2749
2750
2751
2751
2754
2755
2756
2757
2757
2758
2758
2759
2760
2763
2769
2769
2769
2769
2770
2770
2771
2773
2774
2774
2774
2775
2776
2776
2777
2778
2780
2781
2784
2785
2785
2786
2788
2791
2791
2793
2793
2793
2793
2794
2794
2795
2795
2796
2796
2796
2799
2799
2802
2804
2805
2808
2811
2811
2812
2816
2816
2816
2817
2817
2818
2819
2819
2820
2822
2822
2824
2824
2824
2824
2825
2826
2826
2826
2827
2827
2827
2830
2830
2831
2831
2832
2834
2834
2834
2836
2839
2839
2840
2840
2842
2843
2844
2846
2847
2848
2849
2850
2852
2852
2853
2855
2856
2858
2858
2859
2859
2859
2860
2864
2866
2867
2870
2871
2872
2872
2873
2873
2873
2873
2874
2875
2875
2875
2876
2876
2876
2878
2879
2880
2881
2883
2884
2884
2884
2885
2885
2885
2886
2889
2890
2890
2891
2892
2892
2893
2894
2896
2897
2900
2900
2901
2902
2904
2905
2905
2905
2905
2906
2908
2908
2909
2909
2910
2910
2911
2912
2915
2915
2916
2916
2917
2918
2919
2921
2922
2923
2925
2927
2928
2929
2929
2932
2932
2932
2933
2934
2937
2938
2938
2938
2941
2941
2941
2943
2944
2945
2946
2946
2947
2947
2949
2949
2951
2952
2953
2954
2954
2957
2957
2958
2958
2959
2960
2964
2964
2964
2965
2966
2966
2966
2967
2967
2968
2970
2971
2971
2971
2972
2972
2974
2975
2975
2975
2976
2977
2977
2977
2977
2979
2979
2981
2983
2985
2985
2987
2988
2988
2989
2990
2991
2992
2992
2993
2993
2995
2995
2995
2995
2996
2997
2997
2998
2998
2998
2998
3000
3001
3001
3001
3002
3004
3005
3005
3006
3007
3007
3009
3009
3009
3013
3013
3014
3016
3017
3021
3022
3023
3025
3026
3026
3026
3028
3029
3029
3029
3031
3031
3031
3035
3039
3039
3041
3041
3042
3043
3044
3044
3045
3045
3046
3048
3048
3048
3049
3049
3050
3051
3052
3052
3056
3056
3057
3058
3060
3061
3062
3063
3064
3065
3069
3071
3072
3073
3074
3076
3076
3076
3077
3078
3078
3079
3080
3080
3081
3083
3084
3087
3088
3089
3090
3090
3090
3091
3091
3093
3093
3095
3096
3097
3097
3098
3099
3099
3099
3100
3101
3102
3102
3102
3103
3103
3103
3103
3103
3104
3104
3105
3105
3107
3107
3107
3109
3111
3111
3111
3113
3113
3114
3114
3115
3119
3120
3120
3121
3122
3124
3124
3126
3127
3129
3129
3130
3135
3135
3136
3136
3136
3137
3138
3144
3145
3146
3146
3148
3148
3150
3150
3150
3151
3151
3151
3155
3156
3157
3158
3159
3159
3159
3160
3160
3160
3161
3162
3163
3165
3166
3166
3167
3167
3169
3169
3171
3172
3173
3173
3174
3174
3174
3175
3176
3176
3177
3177
3178
3179
3180
3181
3181
3182
3182
3183
3185
3185
3187
3187
3187
3187
3188
3190
3191
3192
3193
3193
3194
3195
3197
3197
3198
3199
3200
3202
3202
3204
3204
3205
3206
3207
3207
3207
3207
3210
3210
3212
3213
3214
3215
3216
3216
3218
3219
3219
3220
3220
3220
3221
3221
3222
3224
3224
3226
3228
3228
3229
3229
3231
3232
3233
3233
3234
3237
3238
3240
3242
3243
3244
3244
3246
3247
3247
3247
3247
3248
3248
3251
3251
3251
3255
3255
3256
3260
3263
3263
3266
3266
3266
3267
3270
3270
3273
3274
3276
3276
3276
3277
3278
3278
3279
3281
3283
3284
3284
3286
3286
3289
3289
3291
3291
3293
3293
3294
3294
3296
3298
3299
3301
3301
3302
3302
3304
3305
3308
3308
3308
3309
3310
3311
3312
3312
3313
3320
3320
3323
3324
3324
3326
3327
3329
3330
3333
3334
3334
3336
3337
3338
3339
3340
3340
3342
3343
3348
3348
3349
3350
3351
3351
3351
3351
3357
3358
3359
3359
3360
3361
3361
3361
3362
3363
3364
3365
3368
3368
3369
3369
3371
3371
3373
3373
3375
3376
3377
3377
3378
3380
3382
3382
3382
3383
3383
3384
3384
3385
3386
3387
3387
3387
3388
3388
3389
3389
3389
3390
3391
3396
3396
3397
3397
3398
3398
3399
3399
3399
3401
3401
3404
3408
3408
3409
3411
3420
3421
3422
3423
3425
3425
3428
3429
3429
3430
3432
3432
3433
3434
3434
3435
3436
3436
3437
3437
3440
3442
3443
3443
3444
3444
3445
3445
3447
3447
3448
3450
3454
3454
3454
3454
3455
3455
3456
3457
3457
3458
3458
3459
3460
3460
3461
3461
3462
3462
3466
3466
3466
3467
3468
3470
3471
3471
3472
3472
3473
3474
3475
3477
3478
3479
3479
3480
3480
3483
3484
3485
3486
3487
3489
3497
3497
3500
3500
3502
3506
3507
3507
3507
3508
3508
3508
3509
3510
3512
3512
3512
3514
3514
3516
3517
3518
3518
3520
3521
3524
3524
3525
3525
3527
3527
3531
3532
3533
3533
3533
3537
3537
3540
3540
3540
3541
3541
3541
3542
3543
3543
3545
3545
3545
3546
3548
3550
3551
3551
3552
3554
3557
3557
3559
3560
3561
3563
3563
3564
3565
3565
3566
3568
3570
3570
3570
3570
3575
3576
3577
3579
3580
3580
3581
3581
3583
3584
3585
3586
3587
3589
3591
3592
3592
3592
3593
3594
3594
3594
3594
3595
3596
3600
3601
3601
3602
3603
3606
3606
3606
3607
3608
3609
3610
3610
3612
3614
3616
3616
3616
3616
3617
3619
3619
3619
3621
3621
3624
3625
3626
3627
3627
3628
3629
3630
3630
3632
3632
3634
3635
3636
3637
3639
3639
3640
3640
3642
3644
3644
3646
3647
3648
3649
3650
3651
3651
3653
3654
3657
3659
3660
3663
3663
3664
3665
3666
3669
3670
3671
3671
3672
3673
3675
3675
3675
3676
3679
3679
3681
3681
3682
3685
3685
3690
3691
3691
3692
3692
3693
3694
3695
3697
3698
3699
3700
3701
3702
3703
3704
3707
3708
3709
3710
3711
3712
3714
3714
3716
3716
3718
3718
3718
3718
3720
3720
3721
3722
3722
3722
3723
3723
3725
3725
3726
3726
3729
3729
3731
3733
3734
3735
3735
3735
3738
3739
3740
3741
3743
3744
3744
3745
3746
3747
3747
3749
3749
3751
3752
3753
3753
3755
3756
3758
3761
3761
3764
3764
3765
3767
3768
3770
3771
3775
3775
3775
3776
3776
3778
3778
3778
3779
3780
3781
3782
3783
3785
3785
3786
3786
3787
3787
3787
3787
3788
3789
3789
3790
3791
3791
3791
3792
3793
3794
3795
3796
3797
3797
3797
3798
3798
3801
3803
3803
3804
3804
3804
3804
3805
3807
3807
3807
3808
3808
3809
3811
3814
3814
3814
3816
3817
3818
3819
3820
3820
3821
3821
3822
3822
3823
3823
3823
3825
3827
3829
3829
3831
3832
3832
3833
3834
3834
3836
3837
3840
3840
3842
3843
3843
3843
3844
3844
3846
3847
3847
3848
3848
3850
3851
3851
3851
3851
3852
3855
3855
3855
3858
3860
3861
3863
3866
3867
3867
3867
3868
3868
3869
3869
3872
3873
3873
3873
3874
3874
3874
3875
3877
3878
3879
3879
3880
3880
3881
3881
3882
3883
3884
3885
3886
3887
3888
3889
3890
3890
3891
3893
3894
3895
3901
3902
3905
3905
3906
3906
3907
3907
3908
3909
3912
3912
3913
3916
3917
3918
3919
3920
3921
3921
3921
3921
3923
3925
3928
3929
3932
3932
3933
3933
3934
3934
3934
3935
3938
3939
3943
3947
3948
3948
3949
3949
3949
3950
3951
3952
3953
3954
3954
3956
3960
3961
3961
3962
3962
3963
3965
3968
3970
3970
3970
3970
3971
3971
3974
3975
3975
3977
3977
3977
3978
3980
3981
3982
3982
3984
3984
3985
3985
3986
3987
3990
3990
3992
3993
3995
3996
3997
3998
3999
3999
4000
4001
4001
4001
4002
4002
4008
4008
4008
4009
4009
4011
4011
4015
4015
4016
4016
4017
4017
4020
4021
4021
4024
4026
4026
4026
4027
4028
4028
4029
4029
4029
4030
4032
4033
4033
4033
4034
4034
4034
4034
4035
4035
4036
4036
4038
4040
4040
4041
4042
4043
4045
4046
4049
4049
4049
4050
4050
4052
4053
4054
4054
4055
4055
4058
4058
4060
4061
4061
4062
4063
4065
4066
4067
4067
4067
4067
4069
4069
4069
4069
4070
4071
4073
4073
4074
4074
4075
4076
4076
4077
4079
4079
4079
4082
4083
4086
4087
4088
4089
4089
4090
4091
4092
4093
4094
4094
4096
4096
4097
4099
4100
4102
4102
4102
4103
4104
4105
4106
4107
4109
4112
4113
4113
4115
4117
4118
4121
4122
4123
4125
4129
4130
4130
4131
4131
4132
4132
4132
4133
4133
4133
4133
4133
4133
4133
4135
4135
4138
4142
4143
4143
4144
4145
4146
4147
4147
4149
4151
4153
4153
4153
4155
4157
4161
4163
4163
4164
4168
4171
4171
4172
4173
4174
4175
4176
4177
4178
4179
4180
4180
4181
4183
4184
4184
4184
4185
4186
4187
4188
4188
4190
4191
4192
4192
4192
4192
4193
4193
4195
4195
4198
4198
4199
4199
4201
4201
4202
4205
4206
4207
4207
4207
4209
4211
4213
4213
4215
4216
4217
4217
4218
4221
4222
4222
4223
4224
4224
4226
4226
4227
4227
4228
4229
4229
4230
4230
4231
4235
4237
4238
4240
4241
4241
4241
4241
4242
4242
4242
4245
4246
4250
4251
4253
4253
4256
4258
4259
4259
4261
4262
4263
4263
4263
4264
4266
4266
4268
4269
4273
4276
4276
4278
4279
4280
4281
4281
4282
4282
4283
4284
4284
4286
4287
4291
4291
4292
4292
4293
4295
4295
4298
4299
4299
4300
4301
4301
4302
4302
4304
4306
4306
4308
4310
4312
4313
4313
4313
4313
4315
4315
4316
4316
4318
4318
4319
4320
4320
4323
4323
4328
4328
4329
4330
4331
4332
4333
4335
4335
4337
4338
4339
4339
4340
4340
4342
4343
4343
4344
4345
4351
4354
4355
4355
4357
4359
4361
4362
4364
4365
4365
4367
4368
4368
4369
4369
4373
4375
4376
4376
4377
4378
4378
4379
4380
4380
4381
4381
4383
4383
4383
4384
4387
4387
4389
4389
4391
4391
4391
4392
4394
4395
4395
4395
4396
4396
4397
4397
4399
4399
4400
4401
4401
4402
4404
4404
4406
4407
4408
4410
4410
4411
4412
4412
4415
4415
4416
4417
4418
4420
4420
4421
4422
4422
4422
4422
4423
4424
4425
4425
4426
4428
4429
4431
4431
4433
4434
4435
4436
4436
4437
4437
4439
4439
4440
4441
4443
4444
4445
4445
4447
4448
4448
4449
4450
4450
4451
4452
4453
4454
4457
4457
4461
4461
4463
4465
4465
4466
4466
4467
4467
4467
4468
4469
4469
4470
4471
4472
4474
4474
4474
4475
4477
4477
4479
4480
4480
4481
4481
4481
4486
4487
4488
4491
4494
4494
4496
4497
4497
4499
4499
4500
4502
4503
4503
4503
4504
4504
4505
4506
4506
4507
4509
4510
4511
4512
4513
4513
4513
4513
4516
4519
4519
4521
4521
4521
4521
4522
4525
4525
4528
4528
4529
4530
4531
4531
4532
4532
4534
4535
4536
4538
4540
4540
4541
4542
4544
4544
4546
4546
4547
4549
4550
4551
4554
4558
4559
4560
4562
4563
4564
4564
4565
4566
4566
4567
4570
4571
4572
4572
4573
4573
4575
4575
4576
4576
4577
4577
4578
4579
4580
4580
4582
4583
4584
4586
4587
4587
4587
4591
4591
4591
4592
4592
4592
4592
4593
4593
4594
4595
4596
4597
4597
4597
4598
4599
4602
4605
4607
4608
4608
4610
4610
4614
4616
4617
4618
4618
4619
4620
4620
4621
4622
4624
4628
4628
4633
4634
4636
4636
4639
4639
4640
4641
4641
4643
4643
4644
4645
4645
4645
4646
4646
4647
4647
4650
4651
4651
4654
4655
4657
4661
4661
4662
4663
4664
4665
4665
4665
4672
4672
4674
4677
4677
4678
4679
4679
4681
4682
4683
4683
4684
4684
4686
4686
4686
4687
4691
4692
4696
4696
4696
4697
4698
4698
4699
4699
4700
4700
4703
4704
4706
4706
4708
4710
4711
4712
4714
4715
4716
4717
4717
4718
4718
4718
4719
4719
4720
4720
4721
4722
4722
4725
4728
4733
4736
4737
4738
4738
4738
4738
4739
4739
4740
4742
4742
4743
4743
4746
4748
4749
4750
4750
4753
4754
4755
4755
4756
4756
4756
4757
4757
4761
4761
4761
4762
4764
4764
4766
4768
4769
4770
4771
4774
4775
4775
4775
4776
4776
4777
4778
4778
4779
4781
4781
4781
4782
4782
4783
4783
4783
4785
4786
4787
4789
4791
4791
4792
4793
4793
4793
4794
4795
4795
4797
4800
4801
4804
4805
4807
4807
4810
4810
4810
4814
4814
4816
4816
4816
4816
4817
4817
4818
4818
4818
4819
4819
4819
4821
4821
4822
4822
4823
4823
4824
4824
4824
4825
4826
4826
4827
4827
4829
4829
4831
4833
4836
4841
4843
4843
4843
4848
4848
4849
4849
4850
4850
4853
4854
4854
4856
4859
4859
4861
4861
4864
4865
4867
4868
4868
4871
4871
4871
4873
4873
4873
4875
4875
4877
4882
4883
4883
4883
4883
4884
4885
4886
4886
4887
4887
4887
4888
4889
4889
4890
4890
4894
4895
4897
4897
4898
4898
4900
4900
4902
4903
4903
4903
4904
4906
4906
4906
4907
4911
4912
4913
4914
4915
4915
4915
4915
4918
4918
4920
4923
4923
4924
4925
4925
4925
4926
4927
4929
4929
4931
4931
4933
4933
4936
4937
4938
4938
4939
4939
4940
4940
4940
4940
4940
4941
4941
4942
4942
4943
4945
4946
4949
4950
4952
4952
4954
4955
4957
4958
4958
4959
4962
4967
4967
4970
4971
4972
4974
4974
4975
4975
4977
4977
4979
4979
4980
4980
4980
4981
4982
4982
4982
4983
4983
4987
4987
4987
4988
4989
4990
4991
4992
4993
4995
4995
4995
4998
5001
5001
5002
5004
5005
5006
5006
5006
5007
5007
5007
5008
5010
5011
5011
5011
5015
5015
5015
5016
5021
5021
5022
5022
5023
5023
5024
5025
5025
5025
5025
5027
5027
5029
5029
5034
5034
5035
5038
5038
5039
5039
5041
5041
5046
5046
5048
5048
5048
5048
5050
5050
5050
5051
5051
5051
5053
5056
5056
5059
5061
5062
5064
5066
5068
5071
5072
5072
5073
5074
5076
5077
5077
5078
5082
5083
5084
5084
5086
5086
5088
5088
5088
5089
5090
5093
5093
5094
5094
5094
5096
5097
5098
5099
5099
5101
5101
5103
5103
5103
5104
5105
5106
5106
5106
5106
5107
5108
5108
5108
5110
5110
5111
5111
5111
5112
5114
5116
5116
5117
5117
5117
5118
5119
5119
5121
5121
5121
5123
5125
5126
5126
5126
5127
5128
5132
5133
5134
5134
5136
5136
5136
5137
5140
5142
5143
5143
5143
5144
5146
5148
5148
5150
5152
5156
5157
5161
5162
5163
5164
5164
5165
5166
5167
5168
5169
5170
5170
5171
5172
5174
5175
5178
5180
5180
5180
5182
5183
5183
5184
5184
5187
5188
5188
5188
5189
5190
5192
5195
5196
5197
5197
5198
5199
5199
5199
5200
5201
5202
5202
5203
5203
5203
5206
5206
5206
5207
5208
5209
5210
5212
5215
5216
5216
5216
5217
5218
5220
5221
5223
5223
5224
5224
5225
5225
5226
5227
5228
5229
5230
5230
5230
5232
5234
5234
5236
5237
5239
5240
5240
5240
5240
5241
5241
5243
5244
5244
5245
5245
5246
5250
5250
5250
5250
5250
5250
5253
5254
5254
5254
5256
5257
5257
5259
5259
5260
5261
5261
5263
5264
5265
5265
5266
5267
5269
5269
5270
5270
5271
5272
5272
5274
5274
5275
5276
5278
5282
5282
5283
5283
5285
5286
5288
5289
5289
5290
5292
5295
5297
5298
5299
5300
5300
5301
5302
5302
5303
5304
5304
5304
5305
5306
5306
5306
5307
5307
5309
5309
5309
5310
5310
5311
5314
5314
5314
5315
5315
5315
5318
5319
5319
5321
5323
5323
5325
5325
5326
5327
5329
5329
5329
5330
5330
5330
5332
5332
5332
5333
5333
5334
5336
5336
5337
5337
5338
5339
5342
5342
5343
5344
5346
5347
5347
5348
5349
5349
5350
5351
5352
5352
5352
5352
5353
5353
5354
5355
5355
5355
5356
5357
5357
5357
5357
5358
5359
5359
5360
5364
5367
5367
5367
5369
5374
5374
5375
5376
5376
5376
5378
5378
5379
5379
5380
5380
5382
5382
5382
5384
5386
5386
5387
5388
5389
5389
5390
5394
5394
5394
5396
5396
5397
5397
5398
5398
5403
5403
5404
5405
5405
5406
5407
5407
5409
5409
5410
5412
5414
5415
5419
5419
5420
5420
5421
5421
5423
5427
5428
5428
5429
5431
5431
5432
5432
5433
5433
5433
5433
5434
5435
5436
5439
5439
5440
5441
5442
5444
5444
5444
5446
5446
5446
5447
5448
5448
5449
5451
5451
5452
5455
5455
5456
5457
5458
5458
5460
5460
5461
5461
5461
5464
5464
5465
5465
5465
5465
5466
5466
5467
5467
5467
5467
5467
5468
5469
5469
5470
5471
5471
5473
5474
5474
5475
5475
5475
5475
5476
5478
5479
5479
5480
5481
5485
5485
5486
5489
5490
5490
5490
5490
5493
5493
5495
5499
5503
5507
5508
5508
5512
5512
5512
5513
5514
5514
5515
5516
5517
5518
5520
5520
5520
5520
5522
5522
5522
5523
5528
5532
5532
5533
5534
5534
5534
5536
5536
5537
5539
5545
5547
5547
5547
5547
5548
5548
5549
5549
5549
5550
5551
5552
5552
5555
5556
5556
5558
5561
5562
5563
5564
5564
5565
5566
5566
5567
5568
5570
5570
5570
5572
5575
5577
5579
5580
5580
5583
5583
5584
5585
5586
5587
5588
5589
5592
5592
5593
5594
5595
5597
5597
5598
5599
5599
5599
5603
5603
5604
5605
5605
5606
5606
5607
5610
5610
5621
5621
5622
5622
5623
5624
5625
5626
5628
5629
5629
5631
5631
5632
5632
5633
5634
5634
5635
5635
5635
5640
5640
5641
5641
5644
5644
5646
5647
5647
5649
5649
5650
5650
5650
5650
5651
5652
5653
5653
5653
5655
5655
5655
5655
5657
5657
5658
5661
5662
5663
5663
5664
5665
5665
5665
5666
5666
5667
5667
5668
5668
5668
5671
5672
5673
5675
5676
5680
5680
5681
5682
5682
5683
5684
5686
5688
5689
5691
5691
5692
5692
5693
5693
5695
5695
5696
5697
5698
5700
5700
5700
5700
5702
5704
5704
5704
5704
5704
5705
5708
5709
5709
5711
5713
5714
5716
5716
5717
5718
5718
5719
5719
5720
5721
5723
5723
5723
5724
5724
5725
5725
5726
5726
5727
5728
5728
5728
5728
5729
5730
5730
5732
5732
5732
5733
5733
5735
5736
5736
5736
5737
5737
5738
5740
5743
5743
5743
5748
5749
5749
5749
5750
5750
5752
5756
5756
5757
5761
5761
5762
5762
5763
5764
5765
5766
5766
5768
5770
5770
5770
5770
5771
5773
5776
5776
5777
5779
5779
5779
5781
5782
5782
5783
5784
5784
5785
5785
5786
5787
5788
5788
5788
5791
5792
5793
5793
5794
5794
5794
5795
5795
5796
5796
5798
5799
5801
5802
5804
5805
5805
5805
5807
5807
5807
5808
5808
5809
5810
5810
5812
5812
5813
5814
5814
5815
5815
5815
5816
5816
5816
5817
5820
5822
5825
5827
5828
5828
5830
5833
5834
5834
5837
5839
5839
5840
5841
5842
5844
5845
5846
5847
5847
5848
5849
5849
5850
5851
5852
5852
5854
5856
5858
5859
5859
5860
5860
5861
5862
5862
5864
5864
5866
5866
5867
5867
5867
5867
5870
5870
5872
5872
5875
5876
5876
5877
5877
5878
5878
5879
5879
5879
5883
5883
5884
5884
5885
5886
5887
5887
5887
5887
5889
5890
5895
5896
5898
5899
5899
5900
5900
5900
5900
5901
5901
5903
5904
5905
5905
5906
5908
5909
5910
5910
5910
5910
5911
5911
5911
5912
5913
5914
5915
5915
5915
5916
5917
5919
5921
5921
5921
5922
5923
5923
5924
5924
5925
5927
5927
5928
5928
5929
5929
5930
5932
5933
5934
5935
5935
5937
5938
5938
5938
5939
5939
5942
5942
5942
5945
5945
5946
5946
5947
5948
5949
5951
5952
5955
5956
5956
5957
5958
5958
5960
5961
5962
5962
5963
5964
5965
5967
5968
5969
5971
5972
5972
5973
5974
5974
5975
5975
5975
5975
5976
5979
5979
5979
5981
5982
5983
5984
5987
5987
5987
5988
5990
5990
5992
5995
5996
5997
5998
5998
5999
6000
6000
6002
6002
6003
6005
6005
6005
6005
6006
6008
6011
6011
6011
6011
6011
6013
6015
6015
6017
6017
6017
6018
6018
6019
6021
6022
6024
6025
6026
6027
6028
6028
6028
6029
6034
6034
6035
6035
6037
6039
6043
6044
6044
6046
6048
6049
6050
6052
6052
6053
6054
6054
6056
6057
6060
6063
6064
6065
6066
6067
6071
6072
6075
6076
6078
6078
6081
6081
6083
6084
6086
6087
6087
6088
6091
6092
6095
6095
6095
6096
6097
6098
6098
6099
6099
6099
6102
6103
6104
6104
6105
6106
6107
6108
6109
6110
6110
6112
6112
6112
6114
6116
6117
6118
6119
6120
6120
6122
6123
6123
6123
6124
6124
6125
6125
6127
6128
6129
6130
6132
6133
6134
6137
6137
6137
6139
6140
6140
6141
6141
6143
6143
6144
6144
6146
6149
6149
6150
6151
6152
6154
6155
6156
6162
6162
6163
6164
6168
6171
6173
6175
6176
6177
6177
6181
6182
6182
6182
6183
6183
6184
6185
6187
6187
6188
6188
6188
6189
6189
6189
6190
6190
6190
6191
6192
6193
6197
6199
6199
6200
6201
6201
6205
6205
6206
6207
6208
6208
6210
6210
6210
6211
6211
6211
6212
6212
6212
6214
6215
6215
6218
6220
6221
6221
6222
6223
6224
6224
6225
6225
6226
6226
6226
6228
6229
6229
6229
6230
6232
6233
6234
6236
6237
6237
6237
6239
6241
6242
6243
6243
6243
6243
6244
6245
6245
6246
6247
6249
6249
6249
6249
6250
6253
6254
6254
6256
6256
6257
6258
6259
6260
6263
6265
6265
6266
6267
6268
6270
6270
6271
6273
6274
6276
6276
6280
6280
6281
6281
6281
6283
6283
6284
6285
6285
6287
6287
6287
6289
6289
6289
6291
6292
6295
6295
6297
6297
6301
6301
6302
6302
6302
6305
6305
6307
6307
6307
6308
6308
6311
6311
6312
6312
6314
6315
6315
6320
6321
6321
6322
6322
6323
6323
6323
6324
6325
6325
6325
6326
6326
6327
6327
6328
6328
6330
6332
6335
6336
6337
6337
6337
6338
6340
6341
6342
6342
6343
6343
6345
6346
6346
6347
6347
6349
6350
6350
6351
6351
6354
6354
6357
6359
6360
6362
6365
6365
6365
6367
6367
6368
6368
6368
6368
6371
6374
6374
6376
6377
6377
6380
6380
6381
6382
6383
6383
6385
6385
6385
6387
6387
6389
6389
6389
6389
6390
6390
6392
6393
6393
6394
6396
6396
6397
6397
6397
6398
6398
6399
6400
6402
6402
6402
6403
6404
6404
6404
6406
6406
6407
6407
6407
6409
6409
6411
6412
6413
6414
6414
6416
6416
6418
6419
6419
6420
6421
6422
6422
6422
6423
6423
6423
6424
6426
6427
6429
6430
6432
6434
6434
6434
6437
6439
6441
6441
6443
6443
6444
6444
6444
6445
6445
6449
6451
6452
6453
6453
6453
6454
6454
6455
6459
6459
6459
6459
6460
6465
6468
6468
6468
6469
6470
6471
6472
6473
6477
6477
6477
6478
6479
6480
6482
6482
6483
6484
6485
6485
6486
6487
6489
6489
6489
6490
6490
6491
6492
6493
6493
6495
6496
6498
6498
6499
6499
6500
6501
6501
6502
6502
6504
6506
6507
6508
6508
6509
6509
6510
6510
6510
6511
6511
6512
6512
6512
6513
6514
6514
6514
6515
6517
6520
6520
6521
6521
6522
6524
6525
6527
6528
6529
6533
6533
6534
6536
6537
6538
6539
6539
6540
6541
6542
6544
6545
6545
6545
6549
6549
6549
6550
6550
6552
6555
6555
6558
6559
6559
6560
6561
6564
6565
6565
6567
6567
6569
6569
6570
6571
6575
6576
6576
6578
6579
6582
6583
6583
6585
6586
6587
6589
6591
6593
6593
6595
6596
6596
6597
6599
6599
6601
6602
6602
6603
6604
6605
6606
6606
6606
6608
6611
6612
6612
6612
6612
6613
6613
6613
6614
6615
6615
6615
6615
6616
6617
6620
6620
6620
6621
6621
6622
6622
6623
6624
6627
6628
6628
6630
6631
6632
6635
6638
6638
6640
6643
6643
6643
6645
6645
6646
6649
6651
6651
6652
6652
6653
6656
6657
6657
6659
6659
6661
6661
6662
6663
6667
6667
6669
6670
6670
6670
6671
6672
6673
6673
6674
6674
6677
6679
6679
6681
6682
6683
6684
6685
6686
6686
6687
6690
6691
6693
6696
6698
6699
6700
6701
6701
6701
6701
6701
6702
6702
6704
6704
6707
6707
6707
6709
6709
6709
6712
6713
6715
6715
6716
6716
6717
6718
6719
6721
6722
6723
6723
6725
6726
6727
6729
6729
6730
6732
6733
6737
6739
6739
6741
6741
6741
6741
6742
6743
6743
6745
6747
6748
6749
6749
6749
6749
6749
6751
6752
6753
6753
6753
6754
6754
6757
6758
6760
6760
6762
6763
6767
6769
6769
6773
6776
6777
6778
6779
6779
6781
6782
6783
6784
6784
6784
6786
6787
6787
6787
6788
6789
6790
6790
6794
6796
6797
6798
6799
6799
6801
6802
6802
6804
6804
6804
6805
6805
6806
6809
6815
6815
6815
6816
6817
6817
6818
6818
6818
6820
6821
6821
6822
6823
6823
6823
6824
6824
6825
6827
6829
6830
6835
6837
6837
6839
6841
6841
6841
6845
6846
6847
6847
6848
6849
6850
6852
6853
6853
6853
6855
6856
6857
6857
6858
6858
6858
6859
6859
6859
6862
6863
6863
6864
6867
6870
6871
6876
6877
6883
6884
6887
6888
6889
6890
6890
6891
6891
6892
6893
6893
6894
6894
6895
6895
6896
6896
6897
6897
6899
6901
6901
6903
6904
6908
6910
6910
6911
6911
6912
6912
6913
6914
6914
6915
6915
6915
6916
6916
6918
6919
6922
6922
6924
6924
6925
6925
6925
6926
6927
6928
6928
6929
6930
6932
6934
6935
6936
6937
6940
6940
6941
6943
6944
6945
6945
6945
6946
6946
6947
6947
6949
6949
6950
6952
6953
6954
6954
6955
6955
6956
6956
6960
6961
6961
6961
6961
6962
6962
6963
6963
6964
6967
6967
6969
6972
6972
6972
6974
6975
6975
6976
6977
6977
6978
6979
6982
6987
6987
6987
6990
6990
6991
6991
6992
6993
6993
6997
7002
7002
7003
7003
7004
7005
7010
7010
7010
7012
7016
7016
7016
7017
7018
7019
7019
7020
7021
7022
7023
7023
7025
7026
7026
7027
7028
7029
7029
7029
7031
7031
7040
7043
7044
7045
7046
7046
7047
7047
7049
7050
7050
7052
7053
7054
7054
7055
7056
7056
7056
7056
7058
7058
7059
7060
7060
7061
7063
7065
7065
7067
7069
7071
7073
7073
7074
7075
7075
7075
7077
7079
7080
7080
7081
7082
7083
7083
7085
7086
7087
7089
7089
7089
7091
7091
7092
7095
7096
7096
7096
7097
7099
7101
7102
7103
7104
7104
7106
7106
7108
7108
7109
7111
7112
7113
7116
7116
7117
7118
7119
7119
7120
7120
7125
7125
7126
7126
7128
7129
7130
7131
7133
7134
7135
7136
7136
7136
7139
7139
7142
7143
7143
7143
7144
7144
7144
7145
7146
7146
7147
7148
7149
7150
7155
7155
7157
7159
7164
7165
7167
7167
7167
7167
7168
7171
7175
7176
7178
7180
7182
7189
7190
7191
7191
7192
7192
7193
7193
7195
7196
7196
7197
7200
7203
7203
7204
7206
7206
7206
7207
7207
7208
7208
7209
7210
7210
7211
7211
7213
7214
7216
7218
7218
7218
7219
7219
7220
7220
7220
7221
7221
7222
7223
7224
7226
7226
7226
7226
7229
7231
7232
7232
7235
7236
7236
7236
7237
7240
7241
7241
7241
7242
7243
7243
7243
7243
7244
7244
7244
7246
7247
7248
7250
7253
7253
7254
7254
7255
7255
7256
7258
7258
7259
7261
7261
7262
7264
7266
7267
7269
7269
7271
7275
7275
7275
7276
7276
7276
7278
7278
7280
7280
7284
7284
7284
7288
7290
7294
7295
7295
7296
7296
7297
7298
7298
7298
7302
7302
7303
7304
7304
7304
7305
7306
7307
7308
7309
7310
7310
7311
7312
7314
7314
7315
7316
7316
7317
7319
7319
7319
7321
7321
7323
7325
7325
7327
7327
7327
7329
7330
7331
7333
7334
7334
7335
7335
7335
7335
7336
7336
7337
7338
7338
7339
7339
7340
7340
7340
7341
7342
7342
7344
7345
7346
7349
7351
7352
7355
7355
7355
7356
7357
7358
7361
7362
7362
7363
7363
7364
7364
7365
7368
7368
7368
7368
7372
7375
7376
7377
7379
7379
7379
7380
7380
7381
7385
7386
7386
7390
7392
7395
7396
7397
7401
7401
7402
7404
7407
7408
7411
7415
7415
7416
7416
7416
7417
7417
7417
7419
7421
7422
7422
7423
7423
7424
7424
7424
7425
7427
7429
7433
7433
7434
7435
7435
7441
7441
7446
7446
7446
7446
7447
7447
7447
7448
7449
7450
7450
7453
7454
7454
7457
7457
7457
7458
7459
7459
7461
7461
7461
7462
7462
7463
7463
7463
7465
7468
7470
7471
7471
7472
7475
7476
7476
7476
7476
7476
7477
7477
7478
7481
7483
7483
7487
7488
7489
7490
7491
7491
7493
7493
7493
7494
7494
7500
7504
7505
7505
7508
7509
7509
7509
7511
7515
7515
7516
7517
7518
7518
7518
7518
7521
7524
7525
7525
7525
7526
7527
7527
7528
7530
7532
7533
7534
7536
7537
7537
7538
7539
7540
7541
7541
7541
7542
7542
7543
7543
7544
7549
7551
7551
7551
7552
7554
7554
7554
7555
7555
7555
7555
7556
7558
7558
7558
7559
7560
7561
7561
7562
7563
7564
7566
7566
7567
7569
7571
7571
7572
7572
7572
7572
7573
7574
7574
7575
7576
7576
7580
7583
7585
7586
7588
7589
7590
7592
7592
7593
7594
7594
7594
7595
7597
7597
7598
7598
7599
7599
7599
7600
7600
7602
7602
7602
7603
7607
7607
7608
7609
7609
7611
7611
7611
7611
7612
7613
7614
7616
7616
7617
7617
7618
7618
7618
7620
7621
7622
7622
7623
7625
7625
7626
7626
7626
7626
7628
7629
7630
7630
7631
7631
7632
7633
7634
7635
7636
7637
7639
7641
7641
7641
7642
7642
7642
7645
7647
7647
7648
7649
7649
7650
7651
7652
7652
7653
7653
7654
7654
7655
7656
7656
7657
7657
7657
7658
7662
7662
7662
7662
7664
7665
7668
7668
7671
7671
7672
7673
7675
7676
7676
7676
7676
7679
7680
7681
7681
7682
7682
7683
7683
7684
7684
7685
7686
7689
7690
7690
7690
7691
7691
7694
7695
7697
7697
7698
7699
7699
7701
7703
7705
7705
7706
7708
7708
7709
7709
7709
7710
7711
7711
7712
7713
7714
7716
7717
7718
7719
7720
7720
7723
7723
7723
7723
7724
7725
7725
7726
7726
7728
7729
7729
7731
7732
7732
7733
7734
7735
7737
7739
7740
7740
7742
7743
7743
7743
7744
7745
7745
7746
7747
7748
7752
7754
7756
7757
7757
7758
7758
7759
7761
7762
7763
7763
7764
7764
7765
7766
7766
7766
7766
7767
7768
7768
7768
7770
7770
7772
7772
7774
7775
7776
7777
7779
7779
7782
7783
7786
7789
7790
7790
7790
7791
7791
7793
7794
7794
7794
7794
7794
7795
7796
7796
7796
7797
7797
7798
7798
7798
7798
7798
7799
7801
7801
7802
7810
7810
7811
7814
7814
7815
7815
7815
7815
7817
7817
7817
7818
7818
7819
7820
7821
7821
7821
7822
7822
7823
7824
7826
7826
7826
7826
7827
7827
7828
7828
7828
7829
7832
7834
7834
7836
7840
7841
7841
7841
7841
7842
7844
7845
7846
7847
7848
7849
7850
7850
7851
7852
7853
7856
7860
7861
7862
7863
7863
7864
7865
7867
7868
7868
7870
7873
7873
7875
7880
7881
7882
7883
7884
7885
7886
7886
7887
7887
7891
7891
7892
7893
7893
7893
7894
7894
7894
7896
7896
7897
7897
7898
7903
7904
7904
7905
7905
7906
7907
7908
7909
7909
7909
7910
7914
7914
7914
7915
7916
7918
7919
7919
7919
7920
7921
7922
7923
7924
7926
7927
7931
7933
7933
7933
7933
7934
7936
7936
7936
7939
7939
7942
7945
7948
7948
7950
7951
7951
7953
7956
7956
7957
7957
7957
7958
7960
7961
7964
7965
7966
7966
7967
7967
7968
7970
7971
7971
7974
7975
7976
7976
7976
7976
7981
7981
7983
7983
7984
7986
7986
7987
7987
7987
7987
7991
7992
7993
7993
7993
7996
7996
7996
7999
8000
8001
8004
8004
8005
8006
8007
8009
8011
8013
8013
8015
8015
8016
8017
8017
8017
8017
8018
8019
8019
8019
8019
8021
8023
8024
8025
8026
8027
8029
8029
8031
8032
8032
8033
8035
8035
8036
8036
8037
8040
8041
8041
8041
8044
8045
8047
8047
8047
8047
8049
8049
8049
8049
8050
8051
8052
8056
8056
8057
8058
8058
8059
8060
8061
8062
8063
8064
8067
8068
8068
8068
8069
8069
8069
8069
8071
8071
8072
8073
8074
8074
8074
8076
8076
8076
8077
8079
8079
8079
8079
8079
8080
8080
8080
8082
8083
8083
8085
8085
8087
8088
8089
8089
8090
8090
8092
8094
8094
8095
8096
8097
8097
8097
8098
8099
8100
8101
8101
8102
8102
8103
8103
8103
8105
8105
8105
8105
8106
8107
8107
8108
8110
8110
8111
8111
8113
8114
8114
8114
8114
8115
8117
8117
8118
8119
8119
8120
8120
8121
8123
8129
8130
8130
8130
8133
8133
8133
8133
8137
8138
8138
8138
8139
8139
8139
8141
8141
8141
8141
8141
8141
8144
8145
8148
8148
8149
8149
8152
8154
8154
8160
8162
8162
8163
8163
8163
8164
8165
8165
8165
8166
8166
8167
8170
8171
8171
8171
8171
8172
8172
8173
8174
8175
8175
8175
8178
8179
8180
8181
8182
8182
8182
8182
8184
8185
8186
8187
8187
8188
8189
8189
8190
8190
8190
8191
8192
8192
8193
8193
8194
8195
8196
8196
8196
8197
8197
8201
8202
8202
8203
8205
8209
8210
8212
8213
8214
8215
8215
8218
8218
8218
8219
8219
8221
8223
8223
8223
8224
8226
8230
8232
8233
8237
8238
8238
8240
8241
8242
8242
8243
8244
8244
8245
8245
8248
8248
8249
8249
8250
8250
8251
8251
8253
8253
8257
8257
8257
8260
8261
8261
8262
8263
8264
8266
8267
8269
8270
8270
8272
8272
8273
8274
8274
8275
8275
8276
8276
8278
8278
8279
8280
8281
8281
8282
8283
8283
8284
8285
8286
8287
8288
8290
8290
8291
8293
8294
8295
8295
8297
8298
8298
8298
8300
8301
8303
8303
8303
8304
8305
8306
8306
8307
8308
8312
8314
8314
8317
8317
8318
8318
8319
8320
8322
8322
8322
8324
8325
8326
8326
8327
8329
8330
8330
8330
8333
8335
8337
8338
8338
8339
8339
8339
8340
8342
8342
8346
8347
8349
8349
8349
8349
8350
8350
8351
8352
8352
8352
8352
8356
8356
8357
8359
8359
8360
8361
8362
8362
8363
8366
8366
8369
8369
8370
8371
8372
8373
8375
8376
8377
8378
8378
8379
8379
8380
8381
8381
8382
8385
8385
8386
8387
8389
8389
8389
8390
8390
8390
8391
8392
8393
8394
8394
8394
8396
8396
8397
8398
8399
8399
8399
8400
8400
8401
8402
8404
8404
8404
8405
8407
8408
8408
8412
8412
8415
8415
8416
8417
8418
8419
8420
8420
8421
8423
8424
8424
8424
8424
8426
8428
8428
8429
8431
8431
8434
8434
8438
8438
8439
8441
8442
8443
8444
8445
8445
8447
8447
8448
8449
8449
8450
8452
8454
8458
8458
8460
8461
8462
8462
8464
8465
8465
8465
8465
8466
8467
8468
8470
8472
8473
8475
8475
8479
8479
8480
8480
8481
8483
8483
8485
8485
8486
8487
8487
8488
8488
8489
8489
8490
8492
8493
8495
8495
8496
8496
8496
8496
8496
8497
8500
8500
8502
8502
8502
8503
8504
8504
8504
8504
8505
8505
8506
8507
8508
8510
8510
8512
8513
8513
8513
8514
8515
8515
8517
8517
8518
8518
8518
8521
8523
8524
8524
8525
8525
8525
8525
8527
8527
8529
8529
8533
8534
8534
8534
8534
8536
8537
8537
8538
8539
8539
8542
8542
8543
8543
8543
8544
8545
8547
8548
8548
8549
8550
8550
8550
8550
8550
8552
8552
8554
8555
8557
8561
8561
8564
8565
8565
8565
8566
8567
8569
8571
8571
8571
8571
8572
8572
8572
8573
8573
8574
8574
8575
8576
8577
8578
8578
8579
8580
8581
8582
8582
8586
8586
8586
8587
8589
8591
8594
8594
8594
8596
8597
8597
8598
8599
8599
8599
8601
8601
8602
8602
8604
8606
8607
8608
8610
8610
8618
8619
8622
8622
8624
8625
8626
8627
8627
8628
8628
8630
8631
8631
8632
8633
8634
8635
8636
8636
8636
8638
8640
8642
8644
8645
8646
8647
8647
8648
8649
8649
8650
8650
8651
8651
8652
8653
8654
8655
8656
8657
8657
8657
8658
8659
8663
8663
8665
8665
8666
8666
8667
8667
8667
8669
8670
8671
8671
8672
8672
8673
8677
8678
8679
8681
8683
8683
8684
8685
8685
8687
8690
8690
8691
8692
8693
8694
8696
8698
8698
8699
8700
8700
8703
8706
8708
8710
8710
8711
8712
8712
8713
8713
8716
8718
8724
8725
8726
8727
8727
8729
8729
8730
8731
8732
8733
8734
8734
8737
8738
8738
8738
8740
8741
8744
8746
8746
8747
8751
8752
8753
8755
8760
8760
8760
8762
8763
8764
8767
8767
8769
8770
8771
8773
8774
8776
8777
8778
8779
8780
8781
8781
8781
8782
8783
8785
8786
8789
8790
8790
8790
8791
8794
8794
8795
8795
8796
8797
8797
8797
8798
8800
8803
8807
8808
8808
8809
8810
8811
8813
8815
8815
8816
8817
8817
8817
8818
8820
8821
8822
8824
8824
8825
8828
8829
8829
8829
8830
8830
8830
8832
8835
8835
8835
8835
8836
8841
8841
8842
8843
8844
8845
8846
8847
8848
8848
8850
8850
8852
8852
8854
8854
8854
8857
8857
8859
8859
8859
8860
8864
8866
8866
8867
8867
8868
8868
8870
8870
8871
8873
8873
8875
8876
8876
8876
8877
8877
8877
8877
8878
8878
8880
8880
8882
8882
8883
8883
8884
8889
8892
8893
8894
8895
8896
8896
8897
8898
8898
8899
8900
8903
8907
8907
8907
8907
8909
8911
8912
8913
8913
8914
8914
8914
8915
8916
8916
8916
8918
8919
8921
8921
8921
8923
8923
8924
8926
8927
8927
8930
8931
8931
8932
8932
8932
8933
8936
8939
8941
8941
8943
8946
8947
8948
8949
8952
8953
8953
8955
8956
8957
8957
8958
8959
8963
8964
8964
8965
8969
8969
8969
8970
8971
8972
8973
8973
8974
8975
8978
8979
8984
8985
8988
8989
8989
8990
8992
8992
8993
8994
8995
8996
8997
8997
8998
8999
9000
9002
9003
9004
9004
9004
9005
9005
9006
9007
9007
9008
9009
9009
9009
9011
9012
9014
9014
9017
9017
9018
9018
9019
9019
9021
9022
9024
9025
9026
9029
9030
9032
9033
9035
9035
9036
9037
9038
9040
9040
9040
9040
9042
9043
9043
9046
9048
9048
9050
9051
9051
9053
9054
9054
9055
9055
9056
9057
9058
9059
9059
9060
9063
9066
9071
9071
9073
9075
9076
9076
9076
9077
9077
9079
9080
9080
9081
9081
9082
9082
9084
9086
9087
9088
9090
9090
9090
9091
9093
9093
9094
9095
9095
9097
9097
9098
9098
9098
9099
9099
9100
9103
9104
9104
9104
9105
9107
9109
9110
9110
9113
9115
9116
9117
9117
9117
9118
9119
9120
9122
9123
9124
9125
9125
9126
9127
9128
9128
9129
9132
9134
9135
9139
9140
9141
9142
9143
9144
9145
9145
9146
9147
9149
9152
9153
9153
9153
9156
9156
9157
9158
9159
9159
9160
9160
9161
9162
9162
9163
9165
9168
9168
9169
9172
9172
9172
9173
9173
9174
9175
9175
9177
9177
9178
9179
9179
9180
9182
9183
9184
9184
9185
9185
9186
9186
9186
9187
9187
9187
9188
9189
9189
9189
9190
9190
9190
9191
9192
9193
9193
9195
9195
9196
9197
9199
9200
9201
9202
9204
9205
9206
9207
9209
9209
9210
9210
9211
9211
9212
9213
9213
9214
9214
9214
9214
9217
9218
9220
9221
9221
9221
9221
9222
9223
9223
9224
9225
9227
9228
9228
9230
9230
9234
9235
9236
9236
9237
9238
9242
9242
9242
9244
9245
9247
9247
9248
9248
9249
9249
9251
9251
9252
9252
9252
9252
9253
9258
9260
9261
9261
9261
9263
9264
9264
9264
9264
9265
9266
9266
9266
9267
9268
9268
9269
9271
9271
9273
9273
9275
9276
9277
9278
9279
9281
9281
9283
9283
9284
9285
9285
9288
9289
9291
9292
9293
9295
9300
9302
9304
9305
9306
9307
9307
9307
9307
9308
9309
9311
9312
9313
9315
9319
9321
9322
9322
9323
9327
9327
9328
9328
9332
9334
9340
9341
9341
9342
9344
9346
9346
9346
9348
9350
9350
9350
9352
9352
9353
9353
9353
9355
9355
9355
9355
9356
9361
9362
9364
9364
9366
9367
9369
9369
9371
9371
9373
9375
9376
9376
9378
9381
9381
9385
9385
9387
9388
9389
9389
9393
9393
9393
9394
9394
9395
9395
9397
9398
9399
9400
9400
9403
9406
9406
9406
9409
9410
9410
9411
9411
9414
9416
9417
9417
9418
9419
9421
9422
9423
9425
9426
9427
9427
9428
9430
9430
9431
9432
9432
9433
9434
9436
9436
9438
9439
9439
9442
9443
9443
9444
9445
9445
9448
9449
9450
9452
9452
9455
9457
9457
9461
9461
9461
9463
9464
9464
9464
9466
9469
9470
9471
9473
9474
9475
9475
9477
9478
9478
9478
9480
9480
9481
9484
9485
9485
9487
9488
9491
9491
9492
9493
9493
9497
9499
9499
9501
9501
9503
9503
9503
9504
9505
9505
9509
9512
9512
9513
9513
9513
9515
9515
9517
9517
9517
9518
9518
9519
9520
9520
9521
9523
9523
9523
9523
9524
9524
9525
9527
9528
9528
9528
9529
9529
9529
9531
9531
9532
9534
9541
9541
9542
9544
9544
9546
9547
9549
9550
9552
9553
9554
9556
9557
9557
9558
9560
9560
9560
9561
9562
9566
9567
9567
9568
9568
9569
9569
9570
9571
9571
9572
9573
9573
9573
9574
9575
9575
9575
9577
9577
9577
9577
9577
9578
9578
9580
9581
9581
9585
9587
9587
9588
9589
9589
9591
9592
9594
9596
9599
9599
9600
9601
9601
9602
9603
9603
9605
9609
9610
9617
9617
9617
9619
9620
9621
9621
9623
9624
9625
9625
9626
9627
9628
9629
9629
9631
9635
9635
9637
9639
9640
9640
9641
9641
9642
9643
9647
9648
9649
9651
9654
9660
9660
9660
9661
9661
9665
9666
9667
9667
9668
9670
9671
9672
9673
9673
9673
9673
9674
9675
9677
9679
9679
9681
9685
9686
9686
9687
9690
9690
9691
9692
9692
9692
9693
9696
9697
9698
9698
9699
9701
9701
9702
9703
9704
9705
9707
9708
9711
9713
9713
9718
9719
9721
9724
9725
9725
9731
9731
9731
9732
9735
9735
9736
9738
9740
9740
9743
9744
9744
9746
9747
9748
9750
9752
9754
9754
9754
9755
9756
9758
9759
9760
9760
9761
9761
9761
9761
9761
9763
9765
9769
9770
9770
9771
9771
9772
9773
9773
9774
9775
9776
9777
9777
9777
9778
9778
9778
9779
9779
9779
9779
9781
9782
9784
9785
9786
9786
9789
9789
9789
9790
9790
9790
9792
9793
9795
9796
9796
9796
9798
9798
9798
9799
9802
9802
9802
9803
9805
9807
9807
9808
9810
9811
9811
9811
9811
9811
9812
9813
9813
9813
9814
9817
9817
9817
9820
9821
9821
9823
9823
9826
9826
9827
9827
9828
9829
9829
9831
9831
9831
9833
9834
9834
9835
9835
9835
9837
9838
9839
9842
9842
9843
9846
9846
9847
9848
9849
9850
9851
9852
9857
9858
9860
9860
9861
9861
9862
9863
9864
9865
9866
9867
9867
9869
9871
9875
9875
9875
9876
9877
9877
9879
9880
9880
9881
9882
9883
9883
9884
9885
9887
9887
9891
9892
9892
9892
9892
9896
9897
9897
9897
9898
9899
9900
9900
9902
9903
9904
9906
9907
9907
9908
9908
9908
9909
9909
9911
9911
9912
9914
9915
9915
9916
9916
9916
9918
9919
9919
9919
9924
9925
9928
9928
9929
9931
9931
9932
9932
9933
9933
9933
9934
9936
9936
9936
9937
9937
9940
9940
9941
9941
9942
9942
9944
9944
9944
9946
9946
9948
9949
9949
9949
9951
9954
9955
9955
9955
9956
9956
9957
9957
9958
9959
9961
9964
9964
9967
9969
9971
9971
9972
9972
9974
9974
9977
9979
9979
9981
9981
9982
9982
9984
9985
9985
9986
9988
9989
9989
9990
9990
9990
9991
9992
9993
9994
9995
9996
9997
9997
9998
9998
9999
10001
10002
10003
10004
10004
10005
10005
10005
10005
10006
10006
10006
10007
10008
10008
10009
10009
10010
10011
10012
10012
10013
10014
10015
10016
10017
10017
10019
10020
10021
10022
10022
10022
10024
10024
10024
10027
10027
10028
10028
10031
10033
10034
10035
10035
10035
10037
10038
10038
10038
10039
10040
10041
10046
10046
10047
10049
10050
10050
10051
10052
10054
10056
10057
10058
10059
10059
10059
10061
10063
10065
10066
10067
10068
10069
10070
10071
10072
10073
10076
10076
10076
10077
10077
10078
10078
10078
10078
10081
10081
10083
10085
10085
10085
10087
10087
10087
10088
10089
10089
10090
10092
10093
10094
10094
10094
10095
10095
10096
10098
10099
10101
10101
10102
10103
10105
10105
10107
10108
10108
10109
10109
10110
10110
10112
10114
10114
10115
10115
10115
10115
10116
10119
10120
10120
10121
10121
10122
10123
10124
10124
10125
10125
10126
10127
10127
10127
10128
10128
10129
10129
10130
10130
10131
10132
10132
10132
10132
10133
10134
10136
10136
10137
10138
10138
10139
10140
10141
10142
10142
10145
10147
10147
10149
10152
10153
10153
10155
10155
10157
10157
10158
10159
10160
10161
10162
10165
10166
10167
10171
10172
10173
10174
10174
10174
10175
10175
10177
10178
10178
10179
10179
10180
10180
10181
10181
10181
10183
10184
10185
10186
10187
10188
10188
10191
10191
10191
10191
10192
10193
10194
10194
10196
10197
10198
10199
10200
10203
10203
10203
10204
10206
10206
10206
10207
10208
10208
10208
10211
10211
10213
10213
10216
10217
10221
10222
10223
10224
10224
10225
10226
10227
10227
10228
10229
10229
10230
10231
10231
10232
10233
10234
10238
10239
10244
10245
10246
10248
10249
10250
10250
10252
10253
10255
10255
10255
10256
10259
10259
10259
10260
10261
10262
10262
10262
10265
10265
10266
10270
10270
10271
10273
10273
10274
10274
10274
10275
10275
10276
10277
10279
10280
10282
10282
10283
10283
10284
10285
10286
10287
10288
10289
10290
10290
10291
10292
10292
10293
10294
10295
10296
10298
10298
10299
10300
10300
10301
10301
10305
10305
10306
10306
10307
10308
10309
10309
10311
10313
10314
10314
10317
10319
10319
10320
10320
10321
10323
10324
10324
10325
10325
10325
10326
10329
10330
10331
10332
10333
10334
10334
10335
10335
10336
10336
10339
10339
10340
10341
10341
10341
10342
10344
10345
10346
10348
10348
10349
10350
10353
10353
10354
10355
10355
10355
10356
10356
10356
10357
10357
10358
10358
10359
10359
10359
10360
10360
10361
10361
10362
10363
10363
10365
10367
10371
10374
10377
10378
10382
10382
10384
10385
10385
10385
10385
10386
10386
10388
10389
10391
10391
10391
10392
10394
10394
10395
10398
10399
10399
10400
10402
10404
10407
10409
10409
10411
10412
10413
10413
10414
10416
10417
10417
10417
10417
10419
10419
10419
10421
10421
10423
10424
10425
10425
10426
10426
10428
10429
10430
10430
10431
10434
10434
10436
10437
10437
10438
10441
10442
10442
10443
10443
10443
10445
10446
10447
10447
10447
10449
10450
10450
10452
10453
10454
10454
10457
10458
10458
10458
10458
10459
10460
10461
10461
10462
10467
10469
10471
10474
10476
10480
10481
10483
10483
10484
10485
10488
10489
10491
10491
10492
10495
10495
10496
10497
10498
10499
10499
10501
10501
10501
10503
10505
10506
10507
10508
10510
10514
10514
10515
10515
10515
10516
10517
10518
10518
10518
10519
10522
10523
10523
10524
10525
10525
10525
10526
10528
10529
10530
10531
10533
10534
10534
10535
10535
10535
10535
10537
10538
10538
10539
10546
10547
10547
10548
10549
10550
10550
10551
10551
10552
10552
10552
10553
10553
10554
10555
10556
10558
10558
10559
10560
10560
10562
10564
10565
10566
10566
10567
10567
10567
10568
10568
10568
10571
10571
10571
10571
10573
10574
10574
10574
10574
10575
10576
10576
10577
10578
10578
10578
10579
10579
10584
10584
10585
10585
10585
10587
10588
10588
10589
10592
10593
10594
10597
10597
10598
10599
10599
10600
10601
10601
10606
10606
10608
10609
10611
10611
10613
10615
10616
10618
10621
10621
10622
10623
10623
10625
10628
10629
10629
10631
10632
10632
10634
10637
10638
10640
10641
10642
10642
10643
10643
10644
10645
10646
10647
10647
10648
10649
10650
10651
10651
10651
10653
10653
10654
10655
10655
10655
10656
10657
10657
10658
10659
10659
10660
10661
10662
10663
10665
10666
10666
10666
10667
10667
10668
10668
10669
10669
10670
10671
10671
10673
10675
10675
10676
10678
10678
10678
10678
10678
10680
10681
10682
10682
10682
10684
10684
10687
10688
10690
10690
10692
10693
10693
10694
10694
10695
10697
10698
10699
10699
10699
10702
10703
10704
10705
10707
10709
10710
10710
10710
10711
10713
10713
10713
10714
10715
10715
10715
10716
10717
10719
10719
10721
10721
10723
10724
10725
10725
10726
10727
10729
10729
10730
10732
10732
10733
10733
10733
10736
10736
10742
10742
10743
10744
10745
10746
10746
10746
10747
10748
10749
10751
10752
10754
10754
10756
10758
10759
10760
10760
10762
10763
10763
10763
10764
10765
10765
10770
10771
10771
10772
10774
10776
10777
10777
10777
10778
10780
10781
10781
10782
10782
10783
10784
10784
10784
10784
10785
10785
10786
10787
10787
10787
10788
10788
10788
10788
10790
10790
10790
10792
10793
10795
10798
10798
10801
10801
10802
10802
10804
10806
10806
10807
10809
10810
10810
10811
10811
10814
10817
10819
10819
10820
10820
10821
10822
10822
10823
10824
10825
10826
10828
10832
10833
10833
10835
10835
10835
10837
10840
10840
10840
10842
10843
10845
10845
10845
10846
10846
10847
10848
10849
10850
10852
10852
10854
10854
10855
10856
10858
10858
10858
10860
10860
10861
10861
10862
10862
10862
10863
10863
10864
10866
10867
10867
10867
10868
10869
10871
10872
10873
10875
10875
10875
10876
10876
10876
10876
10877
10878
10883
10883
10884
10884
10885
10887
10888
10888
10891
10891
10894
10896
10896
10899
10899
10900
10903
10905
10907
10907
10908
10908
10909
10910
10910
10911
10912
10912
10914
10915
10916
10916
10918
10920
10921
10922
10923
10925
10925
10928
10929
10929
10930
10932
10932
10932
10933
10934
10936
10939
10939
10940
10940
10940
10941
10941
10942
10942
10942
10944
10944
10946
10950
10950
10951
10952
10952
10953
10953
10953
10953
10954
10954
10954
10954
10954
10954
10956
10959
10960
10961
10961
10962
10963
10963
10965
10966
10966
10968
10970
10970
10973
10975
10975
10976
10979
10979
10982
10982
10982
10984
10985
10987
10987
10988
10988
10991
10993
10993
10994
10994
10996
10997
10997
10998
10998
10998
11002
11002
11003
11003
11005
11005
11005
11006
11008
11012
11013
11013
11015
11017
11017
11018
11019
11019
11019
11020
11021
11022
11023
11023
11024
11025
11029
11032
11032
11032
11032
11033
11036
11037
11037
11039
11040
11040
11044
11044
11046
11048
11048
11050
11050
11051
11051
11052
11053
11054
11055
11055
11056
11056
11058
11059
11061
11061
11062
11063
11063
11063
11063
11065
11066
11070
11071
11072
11073
11075
11078
11079
11080
11080
11082
11083
11083
11084
11086
11087
11087
11088
11088
11089
11091
11092
11093
11093
11094
11095
11096
11096
11098
11099
11100
11101
11101
11101
11108
11108
11108
11111
11111
11112
11113
11114
11114
11115
11115
11117
11119
11120
11120
11121
11121
11122
11124
11124
11125
11126
11127
11128
11129
11131
11131
11132
11134
11135
11136
11137
11138
11139
11140
11140
11142
11142
11143
11144
11144
11145
11145
11146
11146
11146
11149
11149
11151
11152
11152
11153
11155
11157
11158
11160
11160
11161
11161
11161
11162
11162
11163
11164
11170
11171
11171
11173
11173
11174
11174
11177
11178
11181
11183
11184
11185
11186
11187
11189
11189
11192
11192
11193
11193
11193
11194
11195
11197
11198
11198
11198
11199
11199
11201
11203
11203
11206
11207
11207
11208
11208
11209
11211
11211
11212
11214
11217
11218
11220
11223
11224
11225
11225
11226
11227
11227
11228
11228
11229
11229
11230
11230
11231
11231
11231
11231
11232
11232
11234
11234
11237
11237
11237
11239
11239
11240
11241
11241
11241
11241
11241
11242
11242
11243
11243
11243
11244
11246
11247
11247
11248
11250
11252
11254
11254
11260
11260
11260
11261
11263
11265
11267
11268
11272
11272
11272
11272
11273
11274
11275
11276
11279
11279
11279
11279
11280
11280
11283
11284
11284
11285
11286
11287
11287
11288
11290
11292
11293
11293
11295
11295
11295
11296
11297
11299
11300
11300
11300
11301
11303
11303
11303
11303
11304
11305
11307
11307
11310
11311
11312
11312
11316
11316
11317
11318
11319
11319
11320
11320
11323
11324
11324
11325
11325
11328
11334
11334
11337
11337
11337
11338
11339
11339
11339
11341
11341
11341
11343
11343
11344
11345
11345
11347
11347
11348
11349
11350
11351
11351
11352
11353
11354
11357
11357
11359
11360
11360
11361
11361
11362
11362
11364
11365
11365
11366
11367
11368
11368
11369
11369
11370
11371
11371
11371
11373
11374
11374
11375
11376
11377
11377
11378
11381
11381
11381
11382
11383
11383
11384
11386
11389
11390
11390
11391
11391
11393
11394
11395
11398
11401
11402
11403
11403
11405
11405
11405
11405
11406
11408
11409
11409
11409
11410
11410
11410
11412
11412
11414
11416
11418
11418
11418
11420
11421
11422
11424
11424
11424
11425
11426
11426
11429
11431
11431
11432
11432
11432
11432
11432
11433
11433
11433
11433
11435
11435
11435
11436
11437
11437
11437
11437
11438
11441
11442
11442
11443
11443
11445
11445
11448
11448
11450
11450
11451
11452
11452
11452
11453
11454
11455
11456
11457
11457
11458
11460
11460
11461
11462
11462
11463
11465
11467
11468
11469
11470
11470
11471
11472
11472
11474
11474
11478
11479
11481
11481
11482
11483
11486
11488
11490
11491
11492
11492
11493
11494
11494
11495
11495
11496
11496
11498
11500
11500
11500
11501
11501
11503
11503
11503
11504
11504
11504
11507
11508
11508
11510
11511
11514
11514
11518
11519
11519
11519
11519
11520
11521
11521
11522
11522
11522
11522
11522
11523
11523
11524
11524
11527
11529
11532
11532
11533
11533
11536
11537
11540
11541
11541
11543
11545
11546
11546
11547
11547
11549
11551
11555
11555
11556
11556
11557
11557
11558
11561
11561
11562
11564
11565
11565
11566
11566
11566
11568
11569
11571
11572
11575
11575
11576
11576
11578
11579
11580
11585
11587
11588
11588
11594
11595
11595
11597
11597
11598
11598
11599
11599
11602
11603
11604
11604
11606
11606
11607
11608
11609
11609
11610
11612
11613
11614
11615
11616
11617
11618
11619
11620
11623
11624
11626
11626
11627
11627
11628
11628
11629
11631
11631
11632
11632
11634
11634
11638
11639
11640
11641
11643
11646
11647
11647
11648
11648
11648
11648
11650
11653
11654
11654
11654
11655
11655
11656
11658
11660
11660
11661
11661
11661
11665
11668
11670
11672
11673
11675
11680
11681
11682
11682
11683
11686
11686
11687
11687
11688
11688
11689
11689
11691
11691
11693
11693
11694
11695
11695
11696
11697
11698
11698
11699
11703
11704
11706
11708
11712
11713
11713
11713
11716
11717
11718
11718
11720
11723
11723
11726
11728
11728
11730
11731
11733
11733
11736
11736
11737
11737
11737
11738
11740
11740
11741
11741
11743
11744
11745
11746
11747
11748
11750
11750
11750
11750
11751
11751
11751
11752
11753
11754
11755
11756
11757
11758
11758
11759
11759
11761
11762
11763
11764
11765
11770
11770
11771
11773
11773
11776
11777
11777
11781
11781
11781
11781
11783
11783
11784
11788
11789
11790
11792
11794
11794
11795
11795
11795
11796
11796
11798
11798
11799
11799
11799
11800
11801
11801
11801
11802
11803
11805
11805
11805
11805
11806
11807
11807
11807
11807
11808
11808
11809
11809
11809
11809
11810
11812
11814
11814
11818
11821
11822
11826
11826
11826
11827
11828
11829
11829
11831
11837
11838
11839
11839
11840
11840
11842
11843
11844
11844
11846
11848
11848
11850
11851
11854
11857
11858
11860
11860
11862
11863
11863
11865
11865
11866
11868
11868
11868
11868
11868
11869
11871
11871
11873
11874
11876
11876
11877
11877
11877
11878
11879
11881
11882
11882
11883
11885
11885
11887
11888
11890
11891
11892
11892
11893
11893
11895
11899
11901
11903
11903
11904
11904
11905
11907
11908
11909
11909
11913
11913
11914
11914
11916
11919
11919
11920
11920
11921
11927
11930
11930
11931
11931
11931
11932
11932
11934
11935
11938
11938
11938
11939
11939
11940
11940
11941
11941
11942
11943
11944
11944
11945
11945
11945
11947
11948
11950
11951
11951
11955
11955
11955
11956
11956
11959
11960
11960
11960
11961
11961
11963
11963
11964
11965
11966
11968
11969
11969
11970
11970
11977
11977
11977
11977
11978
11980
11982
11983
11984
11985
11988
11988
11989
11991
11991
11992
11994
11995
11996
11996
11996
11997
12000
12000
12001
12002
12003
12003
12005
12008
12008
12009
12011
12011
12013
12013
12014
12014
12014
12015
12016
12018
12019
12020
12022
12023
12025
12027
12028
12029
12031
12031
12032
12032
12032
12033
12033
12035
12036
12038
12038
12039
12039
12040
12041
12043
12044
12046
12047
12048
12048
12050
12050
12050
12051
12052
12055
12061
12063
12064
12069
12070
12070
12070
12073
12074
12074
12075
12076
12078
12080
12082
12083
12084
12084
12084
12085
12086
12087
12088
12088
12090
12092
12093
12093
12094
12094
12095
12095
12098
12099
12102
12104
12105
12108
12108
12111
12111
12111
12112
12114
12114
12114
12115
12116
12116
12117
12118
12119
12119
12120
12120
12122
12122
12123
12123
12123
12125
12125
12126
12127
12128
12129
12130
12130
12131
12132
12132
12132
12133
12133
12138
12138
12139
12139
12140
12141
12142
12143
12146
12146
12146
12147
12147
12152
12155
12156
12156
12156
12160
12160
12162
12162
12163
12164
12165
12166
12167
12168
12170
12173
12173
12173
12174
12179
12180
12180
12180
12180
12184
12185
12186
12187
12188
12189
12190
12190
12191
12191
12193
12194
12195
12195
12197
12197
12198
12200
12200
12201
12202
12202
12202
12203
12203
12203
12204
12204
12207
12208
12209
12210
12213
12214
12214
12215
12215
12216
12218
12218
12219
12220
12221
12221
12221
12221
12224
12224
12227
12227
12228
12228
12231
12231
12231
12232
12232
12232
12233
12234
12236
12236
12238
12241
12242
12243
12243
12243
12247
12248
12249
12249
12249
12251
12251
12251
12252
12253
12253
12253
12254
12255
12255
12255
12256
12257
12259
12259
12259
12263
12264
12265
12266
12266
12267
12268
12268
12269
12270
12276
12278
12278
12278
12278
12279
12279
12279
12279
12280
12281
12283
12285
12285
12285
12286
12286
12286
12287
12289
12289
12290
12292
12292
12293
12294
12294
12295
12296
12299
12299
12300
12300
12302
12303
12303
12305
12307
12307
12307
12308
12312
12313
12313
12313
12315
12316
12317
12317
12324
12324
12327
12327
12327
12327
12327
12328
12329
12331
12331
12333
12334
12335
12336
12337
12339
12340
12340
12342
12342
12343
12344
12344
12344
12346
12346
12348
12349
12351
12351
12352
12353
12355
12355
12355
12358
12359
12359
12359
12360
12361
12362
12363
12364
12364
12365
12368
12368
12370
12371
12372
12372
12372
12373
12373
12375
12375
12377
12379
12380
12382
12382
12383
12385
12385
12387
12387
12387
12387
12388
12388
12389
12390
12391
12392
12393
12395
12395
12396
12397
12399
12399
12399
12400
12403
12404
12404
12404
12407
12408
12408
12410
12410
12411
12413
12414
12415
12415
12415
12416
12418
12418
12419
12419
12420
12421
12421
12421
12422
12423
12423
12424
12426
12427
12428
12429
12430
12430
12431
12432
12434
12435
12435
12436
12437
12439
12439
12440
12440
12442
12444
12445
12447
12447
12448
12449
12450
12450
12452
12453
12456
12458
12458
12460
12460
12461
12461
12463
12464
12464
12464
12464
12465
12466
12466
12466
12466
12466
12467
12467
12469
12470
12470
12472
12473
12474
12475
12475
12476
12477
12478
12479
12480
12482
12482
12483
12484
12485
12485
12486
12487
12488
12490
12490
12491
12491
12492
12493
12494
12496
12497
12498
12498
12499
12499
12502
12503
12503
12505
12506
12506
12506
12506
12506
12507
12508
12508
12509
12510
12510
12511
12511
12511
12512
12513
12514
12514
12515
12516
12516
12516
12517
12518
12518
12520
12522
12523
12523
12523
12524
12525
12527
12527
12529
12529
12530
12530
12530
12531
12532
12532
12536
12536
12538
12538
12540
12540
12540
12540
12542
12542
12543
12544
12545
12546
12546
12547
12548
12548
12551
12551
12551
12552
12552
12552
12553
12553
12553
12554
12554
12554
12555
12555
12555
12556
12557
12557
12558
12558
12558
12558
12559
12560
12560
12560
12560
12561
12562
12564
12567
12568
12569
12569
12573
12573
12573
12574
12578
12578
12581
12583
12584
12584
12586
12588
12588
12590
12590
12590
12590
12590
12593
12593
12595
12600
12602
12609
12610
12611
12611
12613
12613
12613
12614
12615
12616
12620
12621
12623
12623
12624
12624
12625
12626
12626
12628
12628
12634
12635
12637
12638
12638
12638
12638
12639
12641
12641
12643
12644
12645
12646
12647
12647
12648
12648
12648
12648
12649
12650
12650
12651
12655
12656
12658
12659
12660
12661
12662
12662
12664
12665
12665
12667
12667
12667
12668
12670
12671
12671
12673
12673
12674
12675
12676
12676
12676
12678
12678
12678
12679
12679
12680
12680
12681
12682
12682
12687
12688
12688
12690
12691
12691
12692
12693
12695
12696
12699
12701
12701
12701
12703
12703
12703
12704
12706
12708
12710
12710
12711
12711
12713
12714
12714
12716
12717
12717
12719
12719
12720
12720
12721
12722
12722
12724
12724
12726
12726
12726
12727
12729
12730
12731
12731
12732
12732
12734
12735
12735
12737
12738
12738
12741
12745
12746
12746
12747
12753
12755
12756
12757
12760
12761
12761
12762
12763
12763
12764
12765
12765
12766
12767
12768
12770
12772
12774
12775
12775
12777
12777
12778
12780
12783
12787
12787
12789
12789
12792
12793
12793
12794
12799
12799
12799
12800
12800
12801
12803
12804
12804
12804
12805
12806
12808
12811
12811
12813
12814
12817
12819
12821
12821
12822
12822
12822
12823
12823
12824
12825
12826
12827
12827
12828
12830
12830
12831
12831
12832
12833
12835
12836
12836
12836
12836
12837
12837
12837
12839
12840
12841
12841
12841
12843
12843
12844
12844
12847
12847
12848
12848
12849
12856
12858
12858
12858
12859
12861
12861
12861
12863
12863
12864
12864
12865
12865
12865
12867
12870
12870
12870
12870
12871
12872
12872
12873
12874
12876
12876
12876
12877
12877
12877
12880
12881
12881
12881
12883
12884
12884
12885
12888
12888
12890
12892
12893
12893
12894
12895
12896
12897
12897
12898
12899
12899
12902
12902
12904
12904
12905
12905
12907
12907
12908
12908
12908
12914
12914
12916
12917
12917
12919
12920
12922
12923
12924
12926
12926
12927
12927
12928
12928
12929
12929
12930
12931
12932
12934
12934
12936
12936
12938
12939
12942
12943
12943
12945
12947
12951
12952
12953
12953
12954
12956
12958
12960
12960
12962
12964
12964
12965
12967
12967
12967
12967
12970
12972
12972
12972
12973
12974
12976
12979
12979
12980
12980
12981
12982
12982
12983
12984
12984
12985
12988
12989
12993
12993
12994
12996
12997
13001
13002
13003
13005
13005
13006
13007
13007
13009
13009
13011
13012
13014
13014
13016
13016
13017
13017
13018
13020
13021
13021
13025
13025
13028
13028
13032
13033
13034
13034
13035
13036
13038
13040
13040
13042
13044
13044
13046
13048
13048
13049
13052
13054
13055
13055
13059
13060
13060
13060
13061
13062
13062
13063
13064
13064
13067
13069
13069
13070
13070
13071
13072
13073
13073
13074
13075
13078
13079
13079
13083
13083
13084
13086
13087
13090
13090
13092
13094
13095
13096
13097
13097
13097
13099
13099
13100
13100
13101
13101
13102
13103
13104
13104
13105
13105
13106
13107
13107
13108
13109
13109
13109
13111
13112
13112
13113
13114
13115
13115
13116
13117
13118
13119
13120
13123
13124
13125
13125
13125
13125
13126
13126
13126
13129
13130
13132
13132
13133
13135
13136
13136
13137
13137
13138
13138
13139
13139
13140
13141
13142
13142
13145
13145
13146
13147
13147
13148
13148
13149
13150
13152
13153
13154
13156
13157
13157
13158
13159
13160
13164
13165
13165
13166
13167
13168
13168
13169
13170
13171
13172
13172
13173
13175
13178
13178
13179
13179
13180
13180
13183
13183
13184
13184
13185
13191
13191
13191
13192
13194
13194
13195
13197
13198
13198
13198
13199
13200
13200
13202
13203
13204
13204
13205
13206
13206
13207
13207
13208
13208
13209
13209
13211
13213
13214
13216
13216
13216
13218
13223
13224
13228
13229
13229
13231
13234
13234
13235
13236
13236
13238
13239
13239
13240
13241
13241
13244
13245
13245
13248
13248
13250
13250
13250
13251
13252
13252
13252
13254
13256
13256
13258
13258
13259
13259
13260
13262
13262
13264
13266
13266
13267
13269
13270
13270
13271
13271
13273
13275
13275
13276
13278
13278
13280
13281
13282
13283
13283
13283
13284
13285
13285
13287
13289
13289
13289
13291
13296
13298
13299
13302
13303
13304
13304
13305
13305
13305
13306
13309
13309
13313
13314
13316
13317
13320
13321
13321
13322
13323
13323
13325
13327
13328
13328
13328
13330
13330
13330
13330
13331
13331
13331
13332
13332
13333
13333
13334
13335
13335
13336
13337
13340
13340
13341
13342
13343
13343
13344
13345
13346
13346
13346
13349
13349
13349
13349
13349
13349
13351
13353
13354
13354
13355
13357
13358
13358
13358
13359
13360
13361
13363
13363
13366
13366
13366
13368
13369
13370
13370
13370
13370
13370
13370
13371
13376
13379
13382
13382
13383
13383
13383
13383
13384
13385
13386
13386
13388
13388
13389
13389
13389
13390
13390
13391
13392
13395
13395
13398
13398
13400
13403
13403
13405
13407
13407
13407
13409
13411
13411
13411
13411
13412
13413
13414
13416
13418
13419
13420
13422
13424
13426
13428
13429
13429
13430
13432
13432
13434
13434
13435
13435
13436
13437
13438
13439
13439
13440
13441
13442
13442
13443
13443
13444
13444
13445
13446
13447
13448
13451
13451
13451
13452
13456
13456
13456
13458
13459
13459
13459
13461
13462
13462
13464
13465
13465
13466
13468
13469
13469
13470
13470
13471
13471
13476
13477
13478
13479
13479
13479
13479
13480
13480
13480
13481
13482
13482
13482
13482
13489
13490
13491
13492
13497
13498
13499
13500
13500
13500
13504
13505
13510
13511
13516
13516
13516
13518
13518
13521
13521
13521
13522
13526
13527
13528
13528
13529
13532
13533
13533
13534
13534
13535
13535
13535
13535
13535
13538
13538
13538
13541
13541
13543
13544
13544
13544
13547
13548
13548
13549
13550
13551
13551
13552
13554
13554
13556
13559
13560
13560
13560
13561
13561
13562
13563
13564
13564
13565
13565
13569
13570
13570
13570
13570
13572
13573
13574
13578
13580
13581
13582
13584
13585
13586
13587
13587
13587
13588
13590
13590
13593
13594
13594
13597
13597
13598
13598
13600
13600
13601
13601
13601
13603
13604
13605
13607
13608
13608
13608
13609
13610
13611
13612
13612
13614
13615
13616
13620
13620
13622
13622
13623
13623
13625
13625
13625
13627
13630
13630
13631
13631
13632
13636
13636
13640
13640
13641
13642
13643
13643
13643
13643
13645
13646
13646
13649
13649
13649
13650
13650
13651
13653
13654
13655
13655
13656
13657
13657
13658
13659
13660
13661
13662
13663
13663
13664
13665
13668
13668
13668
13668
13668
13669
13669
13670
13670
13671
13672
13672
13673
13673
13675
13676
13677
13677
13677
13680
13680
13680
13681
13681
13681
13682
13683
13683
13684
13685
13685
13686
13687
13689
13690
13690
13695
13697
13697
13697
13697
13701
13701
13701
13701
13703
13705
13707
13707
13708
13709
13710
13710
13713
13714
13716
13717
13719
13722
13722
13723
13723
13725
13725
13727
13729
13730
13731
13734
13735
13735
13736
13736
13736
13739
13740
13742
13743
13743
13745
13745
13746
13748
13748
13750
13750
13750
13751
13752
13753
13753
13754
13756
13756
13758
13758
13759
13759
13760
13762
13764
13764
13765
13765
13766
13767
13767
13771
13774
13774
13777
13777
13777
13778
13778
13783
13783
13783
13784
13786
13789
13790
13791
13792
13794
13796
13796
13797
13797
13798
13799
13804
13805
13805
13806
13806
13809
13809
13810
13810
13813
13815
13816
13818
13818
13819
13821
13822
13823
13823
13825
13830
13831
13831
13831
13831
13831
13832
13833
13833
13834
13834
13834
13835
13837
13837
13837
13840
13841
13841
13842
13843
13844
13844
13845
13847
13848
13848
13848
13849
13850
13851
13853
13856
13857
13858
13858
13858
13859
13860
13860
13861
13861
13862
13862
13865
13866
13867
13867
13869
13869
13869
13871
13871
13872
13872
13873
13874
13874
13874
13875
13875
13875
13875
13878
13879
13880
13880
13882
13883
13884
13884
13885
13887
13887
13890
13891
13897
13898
13898
13899
13900
13902
13903
13903
13908
13909
13911
13913
13913
13914
13916
13917
13918
13919
13919
13919
13921
13922
13923
13926
13926
13926
13927
13928
13928
13929
13931
13933
13934
13935
13935
13936
13936
13937
13938
13940
13944
13944
13945
13945
13948
13948
13949
13949
13951
13951
13952
13953
13953
13953
13955
13956
13958
13959
13960
13963
13963
13964
13964
13964
13964
13965
13966
13968
13969
13970
13973
13973
13973
13974
13975
13975
13980
13981
13981
13981
13981
13982
13982
13983
13984
13984
13986
13987
13987
13990
13990
13991
13992
13995
13995
13996
13996
13996
13997
13997
14000
14000
14000
14001
14003
14004
14004
14005
14007
14009
14012
14013
14013
14014
14014
14017
14017
14020
14024
14025
14025
14026
14027
14028
14029
14030
14030
14030
14031
14031
14032
14033
14034
14035
14036
14036
14037
14038
14039
14040
14040
14041
14041
14041
14041
14042
14042
14043
14043
14043
14046
14047
14047
14048
14049
14049
14051
14051
14052
14052
14053
14054
14055
14056
14057
14057
14060
14062
14063
14063
14064
14064
14064
14066
14066
14067
14068
14069
14069
14070
14071
14072
14076
14077
14077
14078
14080
14081
14081
14082
14084
14084
14089
14089
14089
14090
14090
14090
14090
14092
14093
14094
14097
14097
14099
14100
14100
14101
14101
14103
14104
14105
14106
14106
14107
14108
14109
14109
14114
14114
14115
14116
14117
14117
14118
14118
14118
14118
14118
14119
14121
14122
14123
14123
14126
14126
14126
14126
14127
14128
14128
14131
14134
14135
14135
14137
14138
14139
14139
14140
14140
14142
14143
14143
14144
14144
14146
14148
14148
14150
14150
14154
14154
14155
14156
14156
14156
14158
14161
14163
14163
14165
14166
14166
14169
14170
14171
14172
14174
14176
14176
14177
14177
14178
14179
14180
14180
14181
14184
14185
14187
14187
14188
14189
14189
14191
14191
14192
14192
14194
14194
14195
14198
14199
14200
14200
14201
14203
14207
14211
14212
14214
14215
14215
14216
14217
14218
14218
14220
14221
14221
14223
14224
14226
14227
14228
14229
14231
14233
14236
14237
14238
14244
14245
14246
14247
14248
14250
14250
14251
14252
14253
14253
14255
14255
14256
14260
14261
14262
14263
14264
14264
14264
14267
14267
14267
14268
14268
14269
14271
14272
14273
14274
14274
14283
14283
14289
14289
14289
14290
14291
14294
14294
14297
14298
14299
14301
14302
14302
14302
14303
14303
14305
14306
14309
14310
14310
14310
14312
14312
14314
14315
14316
14316
14317
14317
14318
14319
14319
14320
14320
14322
14322
14322
14322
14323
14323
14324
14324
14325
14325
14325
14325
14326
14327
14327
14330
14331
14335
14336
14338
14340
14343
14344
14346
14346
14350
14351
14351
14352
14352
14353
14354
14354
14354
14356
14357
14357
14359
14360
14362
14362
14364
14365
14365
14366
14367
14368
14369
14370
14371
14371
14372
14372
14373
14373
14373
14375
14375
14376
14376
14376
14376
14377
14378
14378
14378
14378
14379
14379
14380
14381
14381
14382
14382
14382
14383
14384
14386
14386
14387
14390
14392
14393
14393
14393
14394
14394
14395
14396
14397
14397
14398
14399
14400
14400
14401
14403
14405
14405
14405
14406
14407
14407
14408
14410
14411
14411
14412
14412
14412
14413
14414
14416
14416
14418
14419
14420
14421
14424
14424
14424
14424
14424
14427
14429
14429
14431
14431
14432
14433
14433
14437
14437
14437
14438
14438
14438
14439
14439
14440
14441
14442
14442
14443
14444
14444
14445
14447
14447
14447
14448
14448
14450
14450
14451
14451
14453
14454
14454
14454
14455
14456
14456
14457
14457
14458
14458
14459
14460
14465
14466
14466
14468
14468
14469
14471
14471
14472
14472
14472
14473
14476
14476
14476
14477
14477
14477
14480
14480
14481
14483
14484
14485
14486
14486
14487
14487
14489
14489
14490
14490
14491
14493
14496
14497
14499
14500
14501
14501
14501
14503
14504
14504
14505
14506
14506
14509
14509
14510
14511
14511
14512
14512
14516
14516
14517
14518
14518
14519
14519
14521
14522
14522
14523
14525
14525
14526
14527
14527
14528
14528
14529
14533
14533
14535
14536
14536
14537
14537
14537
14540
14541
14542
14542
14545
14545
14545
14546
14546
14546
14548
14548
14548
14549
14551
14552
14554
14554
14554
14555
14556
14556
14558
14563
14565
14566
14566
14566
14568
14570
14573
14574
14575
14576
14577
14577
14577
14578
14578
14580
14580
14582
14582
14584
14584
14584
14585
14585
14586
14589
14590
14590
14591
14592
14593
14593
14594
14595
14595
14595
14596
14597
14598
14598
14600
14600
14601
14602
14602
14602
14603
14603
14608
14608
14610
14611
14611
14612
14612
14613
14614
14615
14619
14623
14624
14626
14627
14627
14629
14630
14630
14631
14631
14631
14634
14634
14636
14636
14638
14640
14640
14641
14642
14643
14644
14644
14646
14647
14649
14651
14653
14653
14656
14657
14658
14659
14659
14660
14660
14660
14660
14661
14661
14662
14662
14662
14662
14664
14666
14667
14667
14668
14669
14671
14672
14672
14673
14674
14674
14677
14677
14677
14678
14678
14678
14678
14678
14680
14680
14680
14681
14681
14682
14683
14684
14685
14685
14686
14686
14687
14688
14688
14688
14688
14689
14689
14689
14689
14692
14693
14693
14694
14696
14696
14696
14697
14697
14698
14699
14700
14701
14703
14703
14703
14708
14708
14711
14711
14712
14712
14713
14713
14715
14717
14718
14719
14719
14720
14721
14721
14722
14723
14723
14723
14724
14724
14725
14727
14727
14728
14728
14729
14730
14732
14732
14732
14733
14733
14733
14733
14734
14734
14736
14736
14737
14737
14738
14740
14742
14742
14742
14744
14747
14747
14749
14751
14751
14751
14751
14751
14753
14753
14754
14755
14755
14755
14756
14756
14758
14759
14759
14760
14761
14762
14762
14763
14763
14764
14765
14766
14766
14768
14769
14769
14771
14771
14773
14774
14777
14780
14780
14781
14784
14785
14785
14786
14789
14789
14789
14789
14790
14790
14790
14792
14793
14794
14795
14796
14796
14797
14799
14802
14803
14803
14804
14804
14805
14806
14806
14806
14807
14808
14808
14808
14809
14809
14810
14810
14810
14811
14811
14812
14814
14814
14814
14817
14817
14818
14818
14818
14819
14820
14823
14824
14825
14825
14826
14826
14827
14827
14828
14828
14828
14829
14829
14831
14832
14833
14833
14833
14835
14835
14836
14837
14837
14837
14838
14839
14839
14840
14840
14841
14841
14842
14844
14844
14844
14844
14844
14845
14845
14845
14845
14847
14847
14848
14848
14849
14850
14851
14852
14852
14853
14853
14853
14854
14855
14856
14856
14857
14857
14859
14860
14860
14861
14862
14862
14864
14865
14865
14866
14866
14867
14867
14869
14870
14870
14870
14872
14872
14874
14875
14876
14878
14878
14879
14879
14880
14881
14882
14883
14884
14886
14887
14887
14887
14889
14889
14890
14892
14893
14893
14893
14895
14895
14896
14899
14899
14901
14904
14904
14904
14904
14905
14905
14906
14907
14907
14908
14910
14913
14915
14917
14919
14919
14919
14920
14921
14921
14921
14921
14923
14924
14926
14926
14927
14928
14929
14929
14931
14937
14937
14938
14939
14940
14941
14941
14941
14942
14944
14947
14947
14947
14949
14949
14949
14953
14955
14955
14956
14956
14958
14958
14959
14960
14960
14960
14964
14965
14966
14967
14967
14968
14970
14971
14973
14973
14975
14977
14977
14978
14979
14980
14980
14981
14983
14983
14984
14984
14985
14986
14987
14988
14989
14993
14993
14994
14995
14996
14997
14997
14998
15000
